Archive member included to satisfy reference by file (symbol)

../../../GCC/ing916_libaudio.lib(tts.o)
                              obj/profile.o (tts_get_context_size)
../../../GCC/ing916_libaudio.lib(stretch.o)
                              obj/profile.o (stretch_get_context_size)
../../../GCC/ing916_libaudio.lib(codec.o)
                              ../../../GCC/ing916_libaudio.lib(tts.o) (amr_wb_get_frame_header_size)
../../../GCC/ing916_libaudio.lib(dtx_decoder_amr_wb.o)
                              ../../../GCC/ing916_libaudio.lib(codec.o) (dtx_dec_amr_wb_reset)
../../../GCC/ing916_libaudio.lib(get_amr_wb_bits.o)
                              ../../../GCC/ing916_libaudio.lib(dtx_decoder_amr_wb.o) (Serial_parm)
../../../GCC/ing916_libaudio.lib(homing_amr_wb_dec.o)
                              ../../../GCC/ing916_libaudio.lib(codec.o) (pvDecoder_AmrWb_homing_frame_test)
../../../GCC/ing916_libaudio.lib(mime_io.o)
                              ../../../GCC/ing916_libaudio.lib(codec.o) (mime_unsorting)
../../../GCC/ing916_libaudio.lib(noise_gen_amrwb.o)
                              ../../../GCC/ing916_libaudio.lib(dtx_decoder_amr_wb.o) (noise_gen_amrwb)
../../../GCC/ing916_libaudio.lib(normalize_amr_wb.o)
                              ../../../GCC/ing916_libaudio.lib(dtx_decoder_amr_wb.o) (normalize_amr_wb)
../../../GCC/ing916_libaudio.lib(pvamrwb_math_op.o)
                              ../../../GCC/ing916_libaudio.lib(dtx_decoder_amr_wb.o) (mult_int16_r)
../../../GCC/ing916_libaudio.lib(pvamrwbdecoder.o)
                              ../../../GCC/ing916_libaudio.lib(codec.o) (get_isf_init)
../../../GCC/ing916_libaudio.lib(qisf_ns.o)
                              ../../../GCC/ing916_libaudio.lib(dtx_decoder_amr_wb.o) (Disf_ns)
../../../GCC/ing916_libaudio.lib(qisf_ns_tab.o)
                              ../../../GCC/ing916_libaudio.lib(qisf_ns.o) (dico5_isf_noise)
../../../GCC/ing916_libaudio.lib(qpisf_2s.o)
                              ../../../GCC/ing916_libaudio.lib(pvamrwbdecoder.o) (Dpisf_2s_46b)
../../../GCC/ing916_libaudio.lib(qpisf_2s_tab.o)
                              ../../../GCC/ing916_libaudio.lib(qpisf_2s.o) (dico23_isf_36b)
../../../GCC/ing916_libaudio.lib(scale_signal.o)
                              ../../../GCC/ing916_libaudio.lib(pvamrwbdecoder.o) (scale_signal)
../../../GCC/ing916_libaudio.lib(synthesis_amr_wb.o)
                              ../../../GCC/ing916_libaudio.lib(pvamrwbdecoder.o) (synthesis_amr_wb)
../../../GCC/ing916_libaudio.lib(voice_factor.o)
                              ../../../GCC/ing916_libaudio.lib(pvamrwbdecoder.o) (voice_factor)
../../../GCC/ing916_libaudio.lib(wb_syn_filt.o)
                              ../../../GCC/ing916_libaudio.lib(synthesis_amr_wb.o) (wb_syn_filt)
../../../GCC/ing916_libaudio.lib(weight_amrwb_lpc.o)
                              ../../../GCC/ing916_libaudio.lib(synthesis_amr_wb.o) (weight_amrwb_lpc)
../../../GCC/ing916_libaudio.lib(agc2_amr_wb.o)
                              ../../../GCC/ing916_libaudio.lib(pvamrwbdecoder.o) (agc2_amr_wb)
../../../GCC/ing916_libaudio.lib(band_pass_6k_7k.o)
                              ../../../GCC/ing916_libaudio.lib(pvamrwbdecoder.o) (band_pass_6k_7k_init)
../../../GCC/ing916_libaudio.lib(dec_acelp_2p_in_64.o)
                              ../../../GCC/ing916_libaudio.lib(pvamrwbdecoder.o) (dec_acelp_2p_in_64)
../../../GCC/ing916_libaudio.lib(dec_acelp_4p_in_64.o)
                              ../../../GCC/ing916_libaudio.lib(pvamrwbdecoder.o) (dec_acelp_4p_in_64)
../../../GCC/ing916_libaudio.lib(dec_alg_codebook.o)
                              ../../../GCC/ing916_libaudio.lib(dec_acelp_4p_in_64.o) (dec_1p_N1)
../../../GCC/ing916_libaudio.lib(dec_gain2_amr_wb.o)
                              ../../../GCC/ing916_libaudio.lib(pvamrwbdecoder.o) (dec_gain2_amr_wb_init)
../../../GCC/ing916_libaudio.lib(deemphasis_32.o)
                              ../../../GCC/ing916_libaudio.lib(synthesis_amr_wb.o) (deemphasis_32)
../../../GCC/ing916_libaudio.lib(highpass_50hz_at_12k8.o)
                              ../../../GCC/ing916_libaudio.lib(pvamrwbdecoder.o) (highpass_50Hz_at_12k8_init)
../../../GCC/ing916_libaudio.lib(highpass_400hz_at_12k8.o)
                              ../../../GCC/ing916_libaudio.lib(pvamrwbdecoder.o) (highpass_400Hz_at_12k8_init)
../../../GCC/ing916_libaudio.lib(interpolate_isp.o)
                              ../../../GCC/ing916_libaudio.lib(pvamrwbdecoder.o) (interpolate_isp)
../../../GCC/ing916_libaudio.lib(isf_extrapolation.o)
                              ../../../GCC/ing916_libaudio.lib(synthesis_amr_wb.o) (isf_extrapolation)
../../../GCC/ing916_libaudio.lib(isp_az.o)
                              ../../../GCC/ing916_libaudio.lib(pvamrwbdecoder.o) (Isp_Az)
../../../GCC/ing916_libaudio.lib(isp_isf.o)
                              ../../../GCC/ing916_libaudio.lib(pvamrwbdecoder.o) (Isf_isp)
../../../GCC/ing916_libaudio.lib(lagconceal.o)
[...]
Memory Configuration

Name             Origin             Length             Attributes
FLASH            0x02028000         0x00058000         xr
RAM              0x20005448         0x00002bb8         xrw
*default*        0x00000000         0xffffffff

Linker script and memory map

LOAD c:/programs/gcc-arm-none-eabi-10.3-2021.10/bin/../lib/gcc/arm-none-eabi/10.3.1/thumb/v7e-m/nofp/crti.o
LOAD c:/programs/gcc-arm-none-eabi-10.3-2021.10/bin/../lib/gcc/arm-none-eabi/10.3.1/thumb/v7e-m/nofp/crtbegin.o
LOAD c:/programs/gcc-arm-none-eabi-10.3-2021.10/bin/../lib/gcc/arm-none-eabi/10.3.1/../../../../arm-none-eabi/lib/thumb/v7e-m/nofp/crt0.o
LOAD obj/main.o
LOAD obj/profile.o
LOAD obj/peripheral_adc.o
LOAD obj/peripheral_pinctrl.o
LOAD obj/peripheral_ssp.o
LOAD obj/peripheral_sysctrl.o
LOAD obj/peripheral_uart.o
LOAD obj/gstartup_ing91600.o
LOAD ../../../GCC/ing916_libaudio.lib
LOAD ./sdk/bundles/mini/ING9168xx/symdefs.g
                0x020051dd                att_dispatch_client_can_send_now = 0x20051dd
                0x020051e3                att_dispatch_client_request_can_send_now_event = 0x20051e3
                0x020051e9                att_dispatch_register_client = 0x20051e9
                0x020051fd                att_dispatch_register_server = 0x20051fd
                0x02005211                att_dispatch_server_can_send_now = 0x2005211
                0x02005217                att_dispatch_server_request_can_send_now_event = 0x2005217
                0x020052c9                att_emit_general_event = 0x20052c9
                0x020059fd                att_server_can_send_packet_now = 0x20059fd
                0x02005a01                att_server_deferred_read_response = 0x2005a01
                0x02005a19                att_server_get_mtu = 0x2005a19
                0x02005a85                att_server_indicate = 0x2005a85
                0x02005b09                att_server_init = 0x2005b09
                0x02005b45                att_server_notify = 0x2005b45
                0x02005c5d                att_server_register_packet_handler = 0x2005c5d
                0x02005c8f                att_server_request_can_send_now_event = 0x2005c8f
                0x02005cab                att_set_db = 0x2005cab
                0x02005cbd                att_set_read_callback = 0x2005cbd
                0x02005cc9                att_set_write_callback = 0x2005cc9
                0x02005e99                bd_addr_cmp = 0x2005e99
                0x02005e9f                bd_addr_copy = 0x2005e9f
                0x02005ea9                bd_addr_to_str = 0x2005ea9
                0x02005ee1                big_endian_read_16 = 0x2005ee1
                0x02005ee9                big_endian_read_32 = 0x2005ee9
                0x02005efd                big_endian_store_16 = 0x2005efd
                0x02005f09                big_endian_store_32 = 0x2005f09
                0x02005f35                btstack_config = 0x2005f35
                0x02005f41                btstack_get_capabilities = 0x2005f41
                0x0200608b                btstack_memory_pool_create = 0x200608b
                0x020060b5                btstack_memory_pool_free = 0x20060b5
                0x02006115                btstack_memory_pool_get = 0x2006115
                0x0200617d                btstack_push_user_msg = 0x200617d
                0x02006189                btstack_push_user_runnable = 0x2006189
                0x02006195                btstack_reset = 0x2006195
                0x020063c3                char_for_nibble = 0x20063c3
                0x020066fd                eTaskConfirmSleepModeStatus = 0x20066fd
                0x02006d41                gap_add_dev_to_periodic_list = 0x2006d41
                0x02006d51                gap_add_whitelist = 0x2006d51
                0x02006d5d                gap_aes_encrypt = 0x2006d5d
                0x02006d95                gap_clear_white_lists = 0x2006d95
                0x02006da1                gap_clr_adv_set = 0x2006da1
                0x02006dad                gap_clr_periodic_adv_list = 0x2006dad
                0x02006db9                gap_create_connection_cancel = 0x2006db9
                0x02006dc5                gap_default_periodic_adv_sync_transfer_param = 0x2006dc5
                0x02006ddd                gap_disconnect = 0x2006ddd
                0x02006de5                gap_disconnect2 = 0x2006de5
                0x02006e11                gap_disconnect_all = 0x2006e11
                0x02006e51                gap_ext_create_connection = 0x2006e51
                0x02006f29                gap_get_connection_parameter_range = 0x2006f29
                0x02006f61                gap_le_read_channel_map = 0x2006f61
                0x02006fc1                gap_periodic_adv_create_sync = 0x2006fc1
                0x02006fe5                gap_periodic_adv_create_sync_cancel = 0x2006fe5
                0x02006ff1                gap_periodic_adv_set_info_transfer = 0x2006ff1
                0x02007001                gap_periodic_adv_sync_transfer = 0x2007001
                0x02007011                gap_periodic_adv_sync_transfer_param = 0x2007011
                0x0200702d                gap_periodic_adv_term_sync = 0x200702d
                0x020070b5                gap_read_antenna_info = 0x20070b5
                0x020070c1                gap_read_periodic_adv_list_size = 0x20070c1
                0x020070cd                gap_read_phy = 0x20070cd
                0x020070d9                gap_read_remote_used_features = 0x20070d9
                0x020070e5                gap_read_remote_version = 0x20070e5
                0x020070f1                gap_read_rssi = 0x20070f1
                0x020070fd                gap_read_white_lists_size = 0x20070fd
                0x02007109                gap_remove_whitelist = 0x2007109
                0x02007185                gap_rmv_adv_set = 0x2007185
                0x02007191                gap_rmv_dev_from_periodic_list = 0x2007191
                0x020071a1                gap_rx_test_v2 = 0x20071a1
                0x020071b1                gap_rx_test_v3 = 0x20071b1
                0x020071fd                gap_set_adv_set_random_addr = 0x20071fd
                0x02007221                gap_set_callback_for_next_hci = 0x2007221
                0x02007241                gap_set_connection_cte_request_enable = 0x2007241
                0x0200725d                gap_set_connection_cte_response_enable = 0x200725d
                0x0200726d                gap_set_connection_cte_rx_param = 0x200726d
                0x020072c1                gap_set_connection_cte_tx_param = 0x20072c1
                0x0200730d                gap_set_connection_parameter_range = 0x200730d
                0x02007325                gap_set_connectionless_cte_tx_enable = 0x2007325
                0x02007335                gap_set_connectionless_cte_tx_param = 0x2007335
                0x02007391                gap_set_connectionless_iq_sampling_enable = 0x2007391
                0x020073ed                gap_set_data_length = 0x20073ed
                0x02007405                gap_set_def_phy = 0x2007405
                0x02007415                gap_set_ext_adv_data = 0x2007415
                0x0200742d                gap_set_ext_adv_enable = 0x200742d
                0x0200749d                gap_set_ext_adv_para = 0x200749d
                0x0200755d                gap_set_ext_scan_enable = 0x200755d
                0x02007575                gap_set_ext_scan_para = 0x2007575
                0x02007615                gap_set_ext_scan_response_data = 0x2007615
                0x0200762d                gap_set_host_channel_classification = 0x200762d
                0x0200763d                gap_set_periodic_adv_data = 0x200763d
                0x020076ad                gap_set_periodic_adv_enable = 0x20076ad
                0x020076bd                gap_set_periodic_adv_para = 0x20076bd
                0x020076d5                gap_set_periodic_adv_rx_enable = 0x20076d5
                0x020076e5                gap_set_phy = 0x20076e5
                0x02007701                gap_set_random_device_address = 0x2007701
                0x0200771d                gap_start_ccm = 0x200771d
                0x02007765                gap_test_end = 0x2007765
                0x02007771                gap_tx_test_v2 = 0x2007771
                0x02007789                gap_tx_test_v4 = 0x2007789
                0x020077ad                gap_update_connection_parameters = 0x20077ad
                0x020077ed                gap_vendor_tx_continuous_wave = 0x20077ed
                0x02007d15                gatt_client_cancel_write = 0x2007d15
                0x02007d3b                gatt_client_discover_characteristic_descriptors = 0x2007d3b
                0x02007d7b                gatt_client_discover_characteristics_for_handle_range_by_uuid128 = 0x2007d7b
                0x02007dcb                gatt_client_discover_characteristics_for_handle_range_by_uuid16 = 0x2007dcb
                0x02007e1b                gatt_client_discover_characteristics_for_service = 0x2007e1b
                0x02007e51                gatt_client_discover_primary_services = 0x2007e51
                0x02007e83                gatt_client_discover_primary_services_by_uuid128 = 0x2007e83
                0x02007ec7                gatt_client_discover_primary_services_by_uuid16 = 0x2007ec7
                0x02007f05                gatt_client_execute_write = 0x2007f05
                0x02007f2b                gatt_client_find_included_services_for_service = 0x2007f2b
                0x02007f59                gatt_client_get_mtu = 0x2007f59
                0x02008025                gatt_client_is_ready = 0x2008025
                0x0200803b                gatt_client_listen_for_characteristic_value_updates = 0x200803b
                0x0200805b                gatt_client_prepare_write = 0x200805b
                0x02008097                gatt_client_read_characteristic_descriptor_using_descriptor_handle = 0x2008097
                0x020080c1                gatt_client_read_long_characteristic_descriptor_using_descriptor_handle = 0x20080c1
                0x020080c7                gatt_client_read_long_characteristic_descriptor_using_descriptor_handle_with_offset = 0x20080c7
                0x020080f5                gatt_client_read_long_value_of_characteristic_using_value_handle = 0x20080f5
                0x020080fb                gatt_client_read_long_value_of_characteristic_using_value_handle_with_offset = 0x20080fb
                0x02008129                gatt_client_read_multiple_characteristic_values = 0x2008129
                0x02008159                gatt_client_read_value_of_characteristic_using_value_handle = 0x2008159
                0x02008187                gatt_client_read_value_of_characteristics_by_uuid128 = 0x2008187
                0x020081d3                gatt_client_read_value_of_characteristics_by_uuid16 = 0x20081d3
                0x0200821d                gatt_client_register_handler = 0x200821d
                0x02008229                gatt_client_reliable_write_long_value_of_characteristic = 0x2008229
                0x02008631                gatt_client_signed_write_without_response = 0x2008631
                0x020086f5                gatt_client_write_characteristic_descriptor_using_descriptor_handle = 0x20086f5
                0x0200872f                gatt_client_write_client_characteristic_configuration = 0x200872f
                0x02008781                gatt_client_write_long_characteristic_descriptor_using_descriptor_handle = 0x2008781
                0x02008791                gatt_client_write_long_characteristic_descriptor_using_descriptor_handle_with_offset = 0x2008791
                0x020087cd                gatt_client_write_long_value_of_characteristic = 0x20087cd
                0x020087dd                gatt_client_write_long_value_of_characteristic_with_offset = 0x20087dd
                0x02008819                gatt_client_write_value_of_characteristic = 0x2008819
                0x0200884f                gatt_client_write_value_of_characteristic_without_response = 0x200884f
                0x02009e21                hci_add_event_handler = 0x2009e21
                0x0200a5ad                hci_power_control = 0x200a5ad
                0x0200a761                hci_register_acl_packet_handler = 0x200a761
                0x0200ada5                kv_commit = 0x200ada5
                0x0200ae01                kv_get = 0x200ae01
                0x0200ae0d                kv_init = 0x200ae0d
                0x0200ae89                kv_init_backend = 0x200ae89
                0x0200ae9d                kv_put = 0x200ae9d
                0x0200aea9                kv_remove = 0x200aea9
                0x0200aedd                kv_remove_all = 0x200aedd
                0x0200af0d                kv_value_modified = 0x200af0d
                0x0200af29                kv_value_modified_of_key = 0x200af29
                0x0200af35                kv_visit = 0x200af35
                0x0200afc5                l2cap_add_event_handler = 0x200afc5
                0x0200afd5                l2cap_can_send_packet_now = 0x200afd5
                0x0200b199                l2cap_create_le_credit_based_connection_request = 0x200b199
                0x0200b2e1                l2cap_credit_based_send = 0x200b2e1
                0x0200b30d                l2cap_credit_based_send_continue = 0x200b30d
                0x0200b389                l2cap_disconnect = 0x200b389
                0x0200b56d                l2cap_get_le_credit_based_connection_credits = 0x200b56d
                0x0200b589                l2cap_get_peer_mtu_for_local_cid = 0x200b589
                0x0200b9b5                l2cap_init = 0x200b9b5
                0x0200baa9                l2cap_le_send_flow_control_credit = 0x200baa9
                0x0200bda5                l2cap_max_le_mtu = 0x200bda5
                0x0200becd                l2cap_register_packet_handler = 0x200becd
                0x0200bed9                l2cap_register_service = 0x200bed9
                0x0200bfe9                l2cap_request_can_send_now_event = 0x200bfe9
                0x0200c003                l2cap_request_connection_parameter_update = 0x200c003
                0x0200c4d1                l2cap_send_echo_request = 0x200c4d1
                0x0200c5b1                l2cap_unregister_service = 0x200c5b1
                0x0200c609                le_device_db_add = 0x200c609
                0x0200c6e1                le_device_db_find = 0x200c6e1
                0x0200c70d                le_device_db_from_key = 0x200c70d
                0x0200c715                le_device_db_iter_cur = 0x200c715
                0x0200c719                le_device_db_iter_cur_key = 0x200c719
                0x0200c71d                le_device_db_iter_init = 0x200c71d
                0x0200c725                le_device_db_iter_next = 0x200c725
                0x0200c74b                le_device_db_remove_key = 0x200c74b
                0x0200c779                ll_adjust_conn_peer_tx_power = 0x200c779
                0x0200c7a1                ll_aes_encrypt = 0x200c7a1
                0x0200c815                ll_config = 0x200c815
                0x0200c84b                ll_free = 0x200c84b
                0x0200c855                ll_get_capabilities = 0x200c855
                0x0200c875                ll_get_heap_free_size = 0x200c875
                0x0200c885                ll_get_states = 0x200c885
                0x0200c921                ll_hint_on_ce_len = 0x200c921
                0x0200c959                ll_legacy_adv_set_interval = 0x200c959
                0x0200c969                ll_malloc = 0x200c969
                0x0200ca81                ll_register_hci_acl_previewer = 0x200ca81
                0x0200cae5                ll_scan_set_fixed_channel = 0x200cae5
                0x0200ccfd                ll_set_adv_access_address = 0x200ccfd
                0x0200cd09                ll_set_adv_coded_scheme = 0x200cd09
                0x0200cd39                ll_set_conn_acl_report_latency = 0x200cd39
                0x0200cd65                ll_set_conn_coded_scheme = 0x200cd65
                0x0200cd8d                ll_set_conn_latency = 0x200cd8d
                0x0200cdb9                ll_set_conn_tx_power = 0x200cdb9
                0x0200cdf1                ll_set_def_antenna = 0x200cdf1
                0x0200ce11                ll_set_initiating_coded_scheme = 0x200ce11
                0x0200ce1d                ll_set_max_conn_number = 0x200ce1d
                0x0200ceb1                ll_set_tx_power_range = 0x200ceb1
                0x0201d1d9                nibble_for_char = 0x201d1d9
                0x0201d261                platform_calibrate_rt_clk = 0x201d261
                0x020030fb                platform_call_on_stack = 0x20030fb
                0x0201d265                platform_cancel_us_timer = 0x201d265
                0x0201d279                platform_config = 0x201d279
                0x0201d3ad                platform_create_us_timer = 0x201d3ad
                0x0201d3c1                platform_delete_timer = 0x201d3c1
                0x0201d3c9                platform_enable_irq = 0x201d3c9
                0x0201d41d                platform_get_current_task = 0x201d41d
                0x0201d441                platform_get_gen_os_driver = 0x201d441
                0x0201d449                platform_get_heap_status = 0x201d449
                0x0201d461                platform_get_link_layer_interf = 0x201d461
                0x0201d469                platform_get_task_handle = 0x201d469
                0x0201d489                platform_get_timer_counter = 0x201d489
                0x0201d48d                platform_get_us_time = 0x201d48d
                0x0201d491                platform_get_version = 0x201d491
                0x0201d4ad                platform_hrng = 0x201d4ad
                0x0201d4b5                platform_install_isr_stack = 0x201d4b5
                0x0201d4c1                platform_install_task_stack = 0x201d4c1
                0x0201d4f9                platform_patch_rf_init_data = 0x201d4f9
                0x0201d505                platform_printf = 0x201d505
                0x0201d519                platform_raise_assertion = 0x201d519
                0x0201d52d                platform_rand = 0x201d52d
                0x0201d531                platform_read_info = 0x201d531
                0x0201d561                platform_read_persistent_reg = 0x201d561
                0x0201d581                platform_reset = 0x201d581
                0x0201d595                platform_rt_rc_auto_tune = 0x201d595
                0x0201d59d                platform_rt_rc_auto_tune2 = 0x201d59d
                0x0201d5fd                platform_rt_rc_tune = 0x201d5fd
                0x0201d629                platform_set_abs_timer = 0x201d629
                0x0201d62d                platform_set_evt_callback = 0x201d62d
                0x0201d641                platform_set_evt_callback_table = 0x201d641
                0x0201d64d                platform_set_irq_callback = 0x201d64d
                0x0201d669                platform_set_irq_callback_table = 0x201d669
                0x0201d675                platform_set_rf_clk_source = 0x201d675
                0x0201d681                platform_set_rf_init_data = 0x201d681
                0x0201d68d                platform_set_rf_power_mapping = 0x201d68d
                0x0201d699                platform_set_timer = 0x201d699
                0x0201d69d                platform_shutdown = 0x201d69d
                0x0201d6a1                platform_switch_app = 0x201d6a1
                0x0201d6b9                platform_trace_raw = 0x201d6b9
                0x0201d6d1                platform_write_persistent_reg = 0x201d6d1
                0x0201d8a9                printf_hexdump = 0x201d8a9
                0x0201e2dd                pvPortMalloc = 0x201e2dd
                0x0201e3c5                pvTaskIncrementMutexHeldCount = 0x201e3c5
                0x0201e3dd                pvTimerGetTimerID = 0x201e3dd
                0x0201e409                pxPortInitialiseStack = 0x201e409
                0x0201e5f1                reverse_128 = 0x201e5f1
                0x0201e5f7                reverse_24 = 0x201e5f7
                0x0201e5fd                reverse_256 = 0x201e5fd
                0x0201e603                reverse_48 = 0x201e603
                0x0201e609                reverse_56 = 0x201e609
                0x0201e60f                reverse_64 = 0x201e60f
                0x0201e615                reverse_bd_addr = 0x201e615
                0x0201e61b                reverse_bytes = 0x201e61b
                0x0201e921                sm_add_event_handler = 0x201e921
                0x0201ea79                sm_address_resolution_lookup = 0x201ea79
                0x0201ee21                sm_authenticated = 0x201ee21
                0x0201ee2f                sm_authorization_decline = 0x201ee2f
                0x0201ee4f                sm_authorization_grant = 0x201ee4f
                0x0201ee6f                sm_authorization_state = 0x201ee6f
                0x0201ee89                sm_bonding_decline = 0x201ee89
                0x0201f2dd                sm_config = 0x201f2dd
                0x0201f311                sm_config_conn = 0x201f311
                0x0201f4cb                sm_encryption_key_size = 0x201f4cb
                0x0201fa61                sm_just_works_confirm = 0x201fa61
                0x0201fd99                sm_le_device_key = 0x201fd99
                0x0201fe2f                sm_passkey_input = 0x201fe2f
                0x02020205                sm_private_random_address_generation_get = 0x2020205
                0x0202020d                sm_private_random_address_generation_get_mode = 0x202020d
                0x02020219                sm_private_random_address_generation_set_mode = 0x2020219
                0x02020241                sm_private_random_address_generation_set_update_period = 0x2020241
                0x0202037d                sm_register_external_ltk_callback = 0x202037d
                0x02020389                sm_register_oob_data_callback = 0x2020389
                0x02020395                sm_request_pairing = 0x2020395
                0x02020e83                sm_send_security_request = 0x2020e83
                0x02020ea9                sm_set_accepted_stk_generation_methods = 0x2020ea9
                0x02020eb5                sm_set_authentication_requirements = 0x2020eb5
                0x02020ec5                sm_set_encryption_key_size_range = 0x2020ec5
                0x02021215                sscanf_bd_addr = 0x2021215
                0x020212e9                sysSetPublicDeviceAddr = 0x20212e9
                0x02021aad                uuid128_to_str = 0x2021aad
                0x02021b05                uuid_add_bluetooth_prefix = 0x2021b05
                0x02021b25                uuid_has_bluetooth_prefix = 0x2021b25
                0x02021b41                uxListRemove = 0x2021b41
                0x02021b69                uxQueueMessagesWaiting = 0x2021b69
                0x02021b91                uxQueueMessagesWaitingFromISR = 0x2021b91
                0x02021bad                uxQueueSpacesAvailable = 0x2021bad
                0x02021bd9                uxTaskGetStackHighWaterMark = 0x2021bd9
                0x02021bf9                uxTaskPriorityGet = 0x2021bf9
                0x02021c15                uxTaskPriorityGetFromISR = 0x2021c15
                0x02021c7b                vListInitialise = 0x2021c7b
                0x02021c91                vListInitialiseItem = 0x2021c91
                0x02021c97                vListInsert = 0x2021c97
                0x02021cc7                vListInsertEnd = 0x2021cc7
                0x02021ce1                vPortEndScheduler = 0x2021ce1
                0x2000033b                vPortEnterCritical = 0x2000033b
                0x20000375                vPortExitCritical = 0x20000375
                0x02021d0d                vPortFree = 0x2021d0d
                0x200003a1                vPortSuppressTicksAndSleep = 0x200003a1
                0x02021db1                vPortValidateInterruptPriority = 0x2021db1
                0x02021e0d                vQueueDelete = 0x2021e0d
                0x02021e39                vQueueWaitForMessageRestricted = 0x2021e39
                0x02021e7d                vTaskDelay = 0x2021e7d
                0x02021ec9                vTaskInternalSetTimeOutState = 0x2021ec9
                0x02021ed9                vTaskMissedYield = 0x2021ed9
                0x02021ee5                vTaskPlaceOnEventList = 0x2021ee5
                0x02021f1d                vTaskPlaceOnEventListRestricted = 0x2021f1d
                0x02021f5d                vTaskPriorityDisinheritAfterTimeout = 0x2021f5d
                0x02022009                vTaskPrioritySet = 0x2022009
                0x020220d1                vTaskResume = 0x20220d1
                0x02022155                vTaskStartScheduler = 0x2022155
                0x2000071f                vTaskStepTick = 0x2000071f
                0x020221e5                vTaskSuspend = 0x20221e5
                0x20000693                vTaskSuspendAll = 0x20000693
                0x020222a1                vTaskSwitchContext = 0x20222a1
                0x02022349                xPortStartScheduler = 0x2022349
                0x0202244d                xQueueAddToSet = 0x202244d
                0x02022471                xQueueCreateCountingSemaphore = 0x2022471
                0x020224ad                xQueueCreateCountingSemaphoreStatic = 0x20224ad
                0x020224f1                xQueueCreateMutex = 0x20224f1
                0x02022507                xQueueCreateMutexStatic = 0x2022507
                0x02022521                xQueueCreateSet = 0x2022521
                0x02022529                xQueueGenericCreate = 0x2022529
                0x02022575                xQueueGenericCreateStatic = 0x2022575
                0x020225dd                xQueueGenericReset = 0x20225dd
                0x02022669                xQueueGenericSend = 0x2022669
                0x020227d5                xQueueGenericSendFromISR = 0x20227d5
                0x02022895                xQueueGiveFromISR = 0x2022895
                0x02022939                xQueueGiveMutexRecursive = 0x2022939
                0x02022979                xQueueIsQueueEmptyFromISR = 0x2022979
                0x0202299d                xQueueIsQueueFullFromISR = 0x202299d
                0x020229c5                xQueuePeek = 0x20229c5
                0x02022aed                xQueuePeekFromISR = 0x2022aed
                0x02022b59                xQueueReceive = 0x2022b59
                0x02022c85                xQueueReceiveFromISR = 0x2022c85
                0x02022d19                xQueueRemoveFromSet = 0x2022d19
                0x02022d3b                xQueueSelectFromSet = 0x2022d3b
                0x02022d4d                xQueueSelectFromSetFromISR = 0x2022d4d
                0x02022d61                xQueueSemaphoreTake = 0x2022d61
                0x02022ecd                xQueueTakeMutexRecursive = 0x2022ecd
                0x02022f11                xTaskCheckForTimeOut = 0x2022f11
                0x02022f81                xTaskCreate = 0x2022f81
                0x02022fdd                xTaskCreateStatic = 0x2022fdd
                0x0202304d                xTaskGetCurrentTaskHandle = 0x202304d
                0x02023059                xTaskGetSchedulerState = 0x2023059
                0x02023075                xTaskGetTickCount = 0x2023075
                0x02023081                xTaskGetTickCountFromISR = 0x2023081
                0x20000525                xTaskIncrementTick = 0x20000525
                0x02023091                xTaskPriorityDisinherit = 0x2023091
                0x02023125                xTaskPriorityInherit = 0x2023125
                0x020231b9                xTaskRemoveFromEventList = 0x20231b9
                0x200005df                xTaskResumeAll = 0x200005df
                0x02023239                xTaskResumeFromISR = 0x2023239
                0x020232c5                xTimerCreate = 0x20232c5
                0x020232f9                xTimerCreateStatic = 0x20232f9
                0x02023331                xTimerCreateTimerTask = 0x2023331
                0x0202339d                xTimerGenericCommand = 0x202339d
                0x0202340d                xTimerGetExpiryTime = 0x202340d
                0x0202342d                xTimerGetTimerDaemonTaskHandle = 0x202342d
LOAD c:/programs/gcc-arm-none-eabi-10.3-2021.10/bin/../lib/gcc/arm-none-eabi/10.3.1/../../../../arm-none-eabi/lib/thumb/v7e-m/nofp\libm.a
START GROUP
LOAD c:/programs/gcc-arm-none-eabi-10.3-2021.10/bin/../lib/gcc/arm-none-eabi/10.3.1/thumb/v7e-m/nofp\libgcc.a
LOAD c:/programs/gcc-arm-none-eabi-10.3-2021.10/bin/../lib/gcc/arm-none-eabi/10.3.1/../../../../arm-none-eabi/lib/thumb/v7e-m/nofp\libc_nano.a
END GROUP
START GROUP
LOAD c:/programs/gcc-arm-none-eabi-10.3-2021.10/bin/../lib/gcc/arm-none-eabi/10.3.1/thumb/v7e-m/nofp\libgcc.a
LOAD c:/programs/gcc-arm-none-eabi-10.3-2021.10/bin/../lib/gcc/arm-none-eabi/10.3.1/../../../../arm-none-eabi/lib/thumb/v7e-m/nofp\libc_nano.a
LOAD c:/programs/gcc-arm-none-eabi-10.3-2021.10/bin/../lib/gcc/arm-none-eabi/10.3.1/../../../../arm-none-eabi/lib/thumb/v7e-m/nofp\libnosys.a
END GROUP
START GROUP
LOAD c:/programs/gcc-arm-none-eabi-10.3-2021.10/bin/../lib/gcc/arm-none-eabi/10.3.1/thumb/v7e-m/nofp\libgcc.a
LOAD c:/programs/gcc-arm-none-eabi-10.3-2021.10/bin/../lib/gcc/arm-none-eabi/10.3.1/../../../../arm-none-eabi/lib/thumb/v7e-m/nofp\libc_nano.a
LOAD c:/programs/gcc-arm-none-eabi-10.3-2021.10/bin/../lib/gcc/arm-none-eabi/10.3.1/../../../../arm-none-eabi/lib/thumb/v7e-m/nofp\libnosys.a
END GROUP
LOAD c:/programs/gcc-arm-none-eabi-10.3-2021.10/bin/../lib/gcc/arm-none-eabi/10.3.1/thumb/v7e-m/nofp/crtend.o
LOAD c:/programs/gcc-arm-none-eabi-10.3-2021.10/bin/../lib/gcc/arm-none-eabi/10.3.1/thumb/v7e-m/nofp/crtn.o

.text           0x02028000    0x169a8
 *(.isr_vector)
 .isr_vector    0x02028000        0x8 obj/gstartup_ing91600.o
                0x02028000                __isr_vector
 *(.text*)
 .text.cb_hard_fault
                0x02028008       0x28 obj/main.o
                0x02028008                cb_hard_fault
 .text.cb_assertion
                0x02028030       0x14 obj/main.o
                0x02028030                cb_assertion
 .text.cb_putc  0x02028044       0x20 obj/main.o
                0x02028044                cb_putc
 .text.save_bytes
                0x02028064       0x1a obj/main.o
                0x02028064                save_bytes
 *fill*         0x0202807e        0x2 
 .text.cube_setup_peripherals
                0x02028080       0xac obj/main.o
                0x02028080                cube_setup_peripherals
 .text.app_main
                0x0202812c       0x48 obj/main.o
                0x0202812c                app_main
 .text.save_pcm_samples
                0x02028174       0x4a obj/profile.o
 *fill*         0x020281be        0x2 
 .text.test_tts
                0x020281c0      0x1c8 obj/profile.o
                0x020281c0                test_tts
 .text.setup_profile
                0x02028388       0x1c obj/profile.o
                0x02028388                setup_profile
 .text.apSSP_SetTxThres
                0x020283a4       0x12 obj/peripheral_ssp.o
                0x020283a4                apSSP_SetTxThres
 .text.apSSP_SetRxThres
                0x020283b6       0x12 obj/peripheral_ssp.o
                0x020283b6                apSSP_SetRxThres
 .text.apSSP_ResetTxFifo
                0x020283c8       0x10 obj/peripheral_ssp.o
                0x020283c8                apSSP_ResetTxFifo
 .text.apSSP_ResetRxFifo
                0x020283d8       0x10 obj/peripheral_ssp.o
                0x020283d8                apSSP_ResetRxFifo
 .text.apSSP_Initialize
                0x020283e8       0x1c obj/peripheral_ssp.o
                0x020283e8                apSSP_Initialize
 .text.apSSP_SetTimingSclkDiv
                0x02028404       0x10 obj/peripheral_ssp.o
                0x02028404                apSSP_SetTimingSclkDiv
 .text.apSSP_DeviceParametersSet
                0x02028414       0x84 obj/peripheral_ssp.o
                0x02028414                apSSP_DeviceParametersSet
 .text.SYSCTRL_ClkGateCtrl
                0x02028498      0x2e2 obj/peripheral_sysctrl.o
 .text.SYSCTRL_ClearClkGate
                0x0202877a        0x6 obj/peripheral_sysctrl.o
                0x0202877a                SYSCTRL_ClearClkGate
 .text.SYSCTRL_ClearClkGateMulti
                0x02028780       0x1e obj/peripheral_sysctrl.o
                0x02028780                SYSCTRL_ClearClkGateMulti
 *fill*         0x0202879e        0x2 
 .text.SYSCTRL_GetSlowClk
                0x020287a0       0x3c obj/peripheral_sysctrl.o
                0x020287a0                SYSCTRL_GetSlowClk
 .text.SYSCTRL_GetPLLClk
                0x020287dc       0x3c obj/peripheral_sysctrl.o
                0x020287dc                SYSCTRL_GetPLLClk
 .text.SYSCTRL_GetHClk
                0x02028818       0x28 obj/peripheral_sysctrl.o
                0x02028818                SYSCTRL_GetHClk
 .text.apUART_Check_RXFIFO_EMPTY
                0x02028840        0x8 obj/peripheral_uart.o
                0x02028840                apUART_Check_RXFIFO_EMPTY
 .text.apUART_Check_TXFIFO_FULL
                0x02028848        0x8 obj/peripheral_uart.o
                0x02028848                apUART_Check_TXFIFO_FULL
 .text.UART_SendData
                0x02028850        0x4 obj/peripheral_uart.o
                0x02028850                UART_SendData
 .text          0x02028854       0x44 obj/gstartup_ing91600.o
                0x02028854                Reset_Handler
 .text.pop_unicode_cpt0
                0x02028898       0xcc ../../../GCC/ing916_libaudio.lib(tts.o)
 .text.spell_single_number
                0x02028964       0x7c ../../../GCC/ing916_libaudio.lib(tts.o)
 .text.spell_number_wan
                0x020289e0      0x10c ../../../GCC/ing916_libaudio.lib(tts.o)
 .text.search_pinyin
                0x02028aec      0x144 ../../../GCC/ing916_libaudio.lib(tts.o)
 .text.spell_number
                0x02028c30      0x188 ../../../GCC/ing916_libaudio.lib(tts.o)
 .text.tts_push_special_chinese_phase.isra.0
                0x02028db8      0x2d0 ../../../GCC/ing916_libaudio.lib(tts.o)
 .text.tts_adjust_tone_2
                0x02029088      0x3e4 ../../../GCC/ing916_libaudio.lib(tts.o)
 .text.tts_do_append_phrase.isra.0
                0x0202946c      0x82c ../../../GCC/ing916_libaudio.lib(tts.o)
 .text.tts_get_context_size
                0x02029c98        0x8 ../../../GCC/ing916_libaudio.lib(tts.o)
                0x02029c98                tts_get_context_size
 .text.tts_init
                0x02029ca0       0x44 ../../../GCC/ing916_libaudio.lib(tts.o)
                0x02029ca0                tts_init
 .text.tts_reset
                0x02029ce4        0x8 ../../../GCC/ing916_libaudio.lib(tts.o)
                0x02029ce4                tts_reset
 .text.tts_spell_number
                0x02029cec       0xac ../../../GCC/ing916_libaudio.lib(tts.o)
                0x02029cec                tts_spell_number
 .text.tts_parse_utf8_str.constprop.0
                0x02029d98      0x530 ../../../GCC/ing916_libaudio.lib(tts.o)
 .text.tts_push_english
                0x0202a2c8      0x158 ../../../GCC/ing916_libaudio.lib(tts.o)
 .text.tts_push_utf8_str
                0x0202a420       0x18 ../../../GCC/ing916_libaudio.lib(tts.o)
                0x0202a420                tts_push_utf8_str
 .text.tts_get_scratch_mem1_size
                0x0202a438       0x18 ../../../GCC/ing916_libaudio.lib(tts.o)
                0x0202a438                tts_get_scratch_mem1_size
 .text.tts_get_scratch_mem2_size
                0x0202a450       0x14 ../../../GCC/ing916_libaudio.lib(tts.o)
                0x0202a450                tts_get_scratch_mem2_size
 .text.tts_synthesize
                0x0202a464      0x134 ../../../GCC/ing916_libaudio.lib(tts.o)
                0x0202a464                tts_synthesize
 .text.stretch_get_context_size
                0x0202a598       0x70 ../../../GCC/ing916_libaudio.lib(stretch.o)
                0x0202a598                stretch_get_context_size
 .text.stretch_init
                0x0202a608       0xf8 ../../../GCC/ing916_libaudio.lib(stretch.o)
                0x0202a608                stretch_init
 .text.stretch_reset
                0x0202a700       0x14 ../../../GCC/ing916_libaudio.lib(stretch.o)
                0x0202a700                stretch_reset
 .text.stretch_get_output_capacity
                0x0202a714       0x44 ../../../GCC/ing916_libaudio.lib(stretch.o)
                0x0202a714                stretch_get_output_capacity
 .text.stretch_samples
                0x0202a758      0x854 ../../../GCC/ing916_libaudio.lib(stretch.o)
                0x0202a758                stretch_samples
 .text.stretch_flush
                0x0202afac       0x2c ../../../GCC/ing916_libaudio.lib(stretch.o)
                0x0202afac                stretch_flush
 .text.amr_wb_get_frame_header_size
                0x0202afd8       0x10 ../../../GCC/ing916_libaudio.lib(codec.o)
                0x0202afd8                amr_wb_get_frame_header_size
 .text.amr_wb_decoder_get_context_size
                0x0202afe8        0x8 ../../../GCC/ing916_libaudio.lib(codec.o)
                0x0202afe8                amr_wb_decoder_get_context_size
 .text.amr_wb_decoder_init
                0x0202aff0       0x3c ../../../GCC/ing916_libaudio.lib(codec.o)
                0x0202aff0                amr_wb_decoder_init
 .text.amr_wb_decoder_probe
                0x0202b02c       0x24 ../../../GCC/ing916_libaudio.lib(codec.o)
                0x0202b02c                amr_wb_decoder_probe
 .text.amr_wb_decoder_get_scratch_mem_size
                0x0202b050        0x8 ../../../GCC/ing916_libaudio.lib(codec.o)
                0x0202b050                amr_wb_decoder_get_scratch_mem_size
 .text.amr_wb_decoder_decode_frame
                0x0202b058       0xe8 ../../../GCC/ing916_libaudio.lib(codec.o)
                0x0202b058                amr_wb_decoder_decode_frame
 .text.dtx_dec_amr_wb_reset
                0x0202b140       0x8c ../../../GCC/ing916_libaudio.lib(dtx_decoder_amr_wb.o)
                0x0202b140                dtx_dec_amr_wb_reset
 .text.dtx_dec_amr_wb_activity_update
                0x0202b1cc       0xac ../../../GCC/ing916_libaudio.lib(dtx_decoder_amr_wb.o)
                0x0202b1cc                dtx_dec_amr_wb_activity_update
 .text.rx_amr_wb_dtx_handler
                0x0202b278      0x11c ../../../GCC/ing916_libaudio.lib(dtx_decoder_amr_wb.o)
                0x0202b278                rx_amr_wb_dtx_handler
 .text.CN_dithering
                0x0202b394      0x130 ../../../GCC/ing916_libaudio.lib(dtx_decoder_amr_wb.o)
                0x0202b394                CN_dithering
 .text.dtx_dec_amr_wb
                0x0202b4c4      0x96c ../../../GCC/ing916_libaudio.lib(dtx_decoder_amr_wb.o)
                0x0202b4c4                dtx_dec_amr_wb
 .text.Serial_parm
                0x0202be30       0x64 ../../../GCC/ing916_libaudio.lib(get_amr_wb_bits.o)
                0x0202be30                Serial_parm
 .text.Serial_parm_1bit
                0x0202be94       0x18 ../../../GCC/ing916_libaudio.lib(get_amr_wb_bits.o)
                0x0202be94                Serial_parm_1bit
 .text.dhf_test
                0x0202beac      0x298 ../../../GCC/ing916_libaudio.lib(homing_amr_wb_dec.o)
                0x0202beac                dhf_test
 .text.pvDecoder_AmrWb_homing_frame_test
                0x0202c144       0x10 ../../../GCC/ing916_libaudio.lib(homing_amr_wb_dec.o)
                0x0202c144                pvDecoder_AmrWb_homing_frame_test
 .text.pvDecoder_AmrWb_homing_frame_test_first
                0x0202c154       0x10 ../../../GCC/ing916_libaudio.lib(homing_amr_wb_dec.o)
                0x0202c154                pvDecoder_AmrWb_homing_frame_test_first
 .text.mime_unsorting
                0x0202c164      0x2f8 ../../../GCC/ing916_libaudio.lib(mime_io.o)
                0x0202c164                mime_unsorting
 .text.amr_wb_decoder_probe0
                0x0202c45c       0x30 ../../../GCC/ing916_libaudio.lib(mime_io.o)
                0x0202c45c                amr_wb_decoder_probe0
 .text.noise_gen_amrwb
                0x0202c48c       0x18 ../../../GCC/ing916_libaudio.lib(noise_gen_amrwb.o)
                0x0202c48c                noise_gen_amrwb
 .text.normalize_amr_wb
                0x0202c4a4      0x100 ../../../GCC/ing916_libaudio.lib(normalize_amr_wb.o)
                0x0202c4a4                normalize_amr_wb
 .text.mult_int16_r
                0x0202c5a4       0x20 ../../../GCC/ing916_libaudio.lib(pvamrwb_math_op.o)
                0x0202c5a4                mult_int16_r
 .text.shr_rnd  0x0202c5c4       0x1c ../../../GCC/ing916_libaudio.lib(pvamrwb_math_op.o)
                0x0202c5c4                shr_rnd
 .text.div_16by16
                0x0202c5e0      0x100 ../../../GCC/ing916_libaudio.lib(pvamrwb_math_op.o)
                0x0202c5e0                div_16by16
 .text.one_ov_sqrt
                0x0202c6e0       0x98 ../../../GCC/ing916_libaudio.lib(pvamrwb_math_op.o)
                0x0202c6e0                one_ov_sqrt
 .text.one_ov_sqrt_norm
                0x0202c778       0x7c ../../../GCC/ing916_libaudio.lib(pvamrwb_math_op.o)
                0x0202c778                one_ov_sqrt_norm
 .text.power_of_2
                0x0202c7f4       0x40 ../../../GCC/ing916_libaudio.lib(pvamrwb_math_op.o)
                0x0202c7f4                power_of_2
 .text.Dot_product12
                0x0202c834      0x1a4 ../../../GCC/ing916_libaudio.lib(pvamrwb_math_op.o)
                0x0202c834                Dot_product12
 .text.amrwb_log_2
                0x0202c9d8       0x9c ../../../GCC/ing916_libaudio.lib(pvamrwb_math_op.o)
                0x0202c9d8                amrwb_log_2
 .text.int32_to_dpf
                0x0202ca74        0xc ../../../GCC/ing916_libaudio.lib(pvamrwb_math_op.o)
                0x0202ca74                int32_to_dpf
 .text.mpy_dpf_32
                0x0202ca80       0x80 ../../../GCC/ing916_libaudio.lib(pvamrwb_math_op.o)
                0x0202ca80                mpy_dpf_32
 .text.pvDecoder_AmrWb_Reset.part.0
                0x0202cb00       0xd0 ../../../GCC/ing916_libaudio.lib(pvamrwbdecoder.o)
 .text.get_isf_init
                0x0202cbd0        0x8 ../../../GCC/ing916_libaudio.lib(pvamrwbdecoder.o)
                0x0202cbd0                get_isf_init
 .text.pvDecoder_AmrWb_Reset
                0x0202cbd8       0x5c ../../../GCC/ing916_libaudio.lib(pvamrwbdecoder.o)
                0x0202cbd8                pvDecoder_AmrWb_Reset
 .text.pvDecoder_AmrWb
                0x0202cc34     0x12d4 ../../../GCC/ing916_libaudio.lib(pvamrwbdecoder.o)
                0x0202cc34                pvDecoder_AmrWb
 .text.Disf_ns  0x0202df08      0x328 ../../../GCC/ing916_libaudio.lib(qisf_ns.o)
                0x0202df08                Disf_ns
 .text.Dpisf_2s_46b
                0x0202e230      0x96c ../../../GCC/ing916_libaudio.lib(qpisf_2s.o)
                0x0202e230                Dpisf_2s_46b
 .text.Dpisf_2s_36b
                0x0202eb9c      0x940 ../../../GCC/ing916_libaudio.lib(qpisf_2s.o)
                0x0202eb9c                Dpisf_2s_36b
 .text.Reorder_isf
                0x0202f4dc       0x54 ../../../GCC/ing916_libaudio.lib(qpisf_2s.o)
                0x0202f4dc                Reorder_isf
 .text.scale_signal
                0x0202f530       0xd4 ../../../GCC/ing916_libaudio.lib(scale_signal.o)
                0x0202f530                scale_signal
 .text.synthesis_amr_wb
                0x0202f604      0x724 ../../../GCC/ing916_libaudio.lib(synthesis_amr_wb.o)
                0x0202f604                synthesis_amr_wb
 .text.voice_factor
                0x0202fd28      0x194 ../../../GCC/ing916_libaudio.lib(voice_factor.o)
                0x0202fd28                voice_factor
 .text.wb_syn_filt
                0x0202febc      0x294 ../../../GCC/ing916_libaudio.lib(wb_syn_filt.o)
                0x0202febc                wb_syn_filt
 .text.Syn_filt_32
                0x02030150      0x1bc ../../../GCC/ing916_libaudio.lib(wb_syn_filt.o)
                0x02030150                Syn_filt_32
 .text.weight_amrwb_lpc
                0x0203030c       0x64 ../../../GCC/ing916_libaudio.lib(weight_amrwb_lpc.o)
                0x0203030c                weight_amrwb_lpc
 .text.agc2_amr_wb
                0x02030370      0x1b0 ../../../GCC/ing916_libaudio.lib(agc2_amr_wb.o)
                0x02030370                agc2_amr_wb
 .text.band_pass_6k_7k_init
                0x02030520        0x8 ../../../GCC/ing916_libaudio.lib(band_pass_6k_7k.o)
                0x02030520                band_pass_6k_7k_init
 .text.band_pass_6k_7k
                0x02030528      0x170 ../../../GCC/ing916_libaudio.lib(band_pass_6k_7k.o)
                0x02030528                band_pass_6k_7k
 .text.dec_acelp_2p_in_64
                0x02030698       0x44 ../../../GCC/ing916_libaudio.lib(dec_acelp_2p_in_64.o)
                0x02030698                dec_acelp_2p_in_64
 .text.dec_acelp_4p_in_64
                0x020306dc      0x5cc ../../../GCC/ing916_libaudio.lib(dec_acelp_4p_in_64.o)
                0x020306dc                dec_acelp_4p_in_64
 .text.dec_1p_N1
                0x02030ca8       0x24 ../../../GCC/ing916_libaudio.lib(dec_alg_codebook.o)
                0x02030ca8                dec_1p_N1
 .text.dec_2p_2N1
                0x02030ccc      0x118 ../../../GCC/ing916_libaudio.lib(dec_alg_codebook.o)
                0x02030ccc                dec_2p_2N1
 .text.dec_3p_3N1
                0x02030de4      0x198 ../../../GCC/ing916_libaudio.lib(dec_alg_codebook.o)
                0x02030de4                dec_3p_3N1
 .text.dec_4p_4N
                0x02030f7c      0x1bc ../../../GCC/ing916_libaudio.lib(dec_alg_codebook.o)
                0x02030f7c                dec_4p_4N
 .text.dec_5p_5N
                0x02031138       0x9c ../../../GCC/ing916_libaudio.lib(dec_alg_codebook.o)
                0x02031138                dec_5p_5N
 .text.dec_6p_6N_2
                0x020311d4      0x104 ../../../GCC/ing916_libaudio.lib(dec_alg_codebook.o)
                0x020311d4                dec_6p_6N_2
 .text.dec_gain2_amr_wb_init
                0x020312d8       0x20 ../../../GCC/ing916_libaudio.lib(dec_gain2_amr_wb.o)
                0x020312d8                dec_gain2_amr_wb_init
 .text.dec_gain2_amr_wb
                0x020312f8      0x3a0 ../../../GCC/ing916_libaudio.lib(dec_gain2_amr_wb.o)
                0x020312f8                dec_gain2_amr_wb
 .text.deemphasis_32
                0x02031698      0x144 ../../../GCC/ing916_libaudio.lib(deemphasis_32.o)
                0x02031698                deemphasis_32
 .text.highpass_50Hz_at_12k8_init
                0x020317dc        0x8 ../../../GCC/ing916_libaudio.lib(highpass_50hz_at_12k8.o)
                0x020317dc                highpass_50Hz_at_12k8_init
 .text.highpass_50Hz_at_12k8
                0x020317e4       0xe4 ../../../GCC/ing916_libaudio.lib(highpass_50hz_at_12k8.o)
                0x020317e4                highpass_50Hz_at_12k8
 .text.highpass_400Hz_at_12k8_init
                0x020318c8        0x8 ../../../GCC/ing916_libaudio.lib(highpass_400hz_at_12k8.o)
                0x020318c8                highpass_400Hz_at_12k8_init
 .text.highpass_400Hz_at_12k8
                0x020318d0       0xa0 ../../../GCC/ing916_libaudio.lib(highpass_400hz_at_12k8.o)
                0x020318d0                highpass_400Hz_at_12k8
 .text.interpolate_isp
                0x02031970       0xc8 ../../../GCC/ing916_libaudio.lib(interpolate_isp.o)
                0x02031970                interpolate_isp
 .text.isf_extrapolation
                0x02031a38      0xd20 ../../../GCC/ing916_libaudio.lib(isf_extrapolation.o)
                0x02031a38                isf_extrapolation
 .text.Get_isp_pol
                0x02032758      0x168 ../../../GCC/ing916_libaudio.lib(isp_az.o)
                0x02032758                Get_isp_pol
 .text.Get_isp_pol_16kHz
                0x020328c0      0x168 ../../../GCC/ing916_libaudio.lib(isp_az.o)
                0x020328c0                Get_isp_pol_16kHz
 .text.Isp_Az   0x02032a28      0x6d0 ../../../GCC/ing916_libaudio.lib(isp_az.o)
                0x02032a28                Isp_Az
 .text.Isf_isp  0x020330f8       0xe0 ../../../GCC/ing916_libaudio.lib(isp_isf.o)
                0x020330f8                Isf_isp
 .text.Init_Lagconc
                0x020331d8       0x10 ../../../GCC/ing916_libaudio.lib(lagconceal.o)
                0x020331d8                Init_Lagconc
 .text.lagconceal
                0x020331e8      0x390 ../../../GCC/ing916_libaudio.lib(lagconceal.o)
                0x020331e8                lagconceal
 .text.low_pass_filt_7k_init
                0x02033578        0x8 ../../../GCC/ing916_libaudio.lib(low_pass_filt_7k.o)
                0x02033578                low_pass_filt_7k_init
 .text.low_pass_filt_7k
                0x02033580      0x15c ../../../GCC/ing916_libaudio.lib(low_pass_filt_7k.o)
                0x02033580                low_pass_filt_7k
 .text.median5  0x020336dc       0x6c ../../../GCC/ing916_libaudio.lib(median5.o)
                0x020336dc                median5
 .text.oversamp_12k8_to_16k_init
                0x02033748        0x8 ../../../GCC/ing916_libaudio.lib(oversamp_12k8_to_16k.o)
                0x02033748                oversamp_12k8_to_16k_init
 .text.oversamp_12k8_to_16k
                0x02033750      0x1c4 ../../../GCC/ing916_libaudio.lib(oversamp_12k8_to_16k.o)
                0x02033750                oversamp_12k8_to_16k
 .text.phase_dispersion
                0x02033914      0x28c ../../../GCC/ing916_libaudio.lib(phase_dispersion.o)
                0x02033914                phase_dispersion
 .text.Pit_shrp
                0x02033ba0       0x74 ../../../GCC/ing916_libaudio.lib(pit_shrp.o)
                0x02033ba0                Pit_shrp
 .text.Pred_lt4
                0x02033c14      0x244 ../../../GCC/ing916_libaudio.lib(pred_lt4.o)
                0x02033c14                Pred_lt4
 .text.preemph_amrwb_dec
                0x02033e58       0x78 ../../../GCC/ing916_libaudio.lib(preemph_amrwb_dec.o)
                0x02033e58                preemph_amrwb_dec
 .text.ceilf    0x02033ed0       0x7c c:/programs/gcc-arm-none-eabi-10.3-2021.10/bin/../lib/gcc/arm-none-eabi/10.3.1/../../../../arm-none-eabi/lib/thumb/v7e-m/nofp\libm.a(lib_a-sf_ceil.o)
                0x02033ed0                ceilf
 .text.floorf   0x02033f4c       0x80 c:/programs/gcc-arm-none-eabi-10.3-2021.10/bin/../lib/gcc/arm-none-eabi/10.3.1/../../../../arm-none-eabi/lib/thumb/v7e-m/nofp\libm.a(lib_a-sf_floor.o)
                0x02033f4c                floorf
 .text          0x02033fcc      0x378 c:/programs/gcc-arm-none-eabi-10.3-2021.10/bin/../lib/gcc/arm-none-eabi/10.3.1/thumb/v7e-m/nofp\libgcc.a(_arm_addsubdf3.o)
                0x02033fcc                __aeabi_drsub
                0x02033fd4                __aeabi_dsub
                0x02033fd4                __subdf3
                0x02033fd8                __aeabi_dadd
                0x02033fd8                __adddf3
                0x02034250                __floatunsidf
                0x02034250                __aeabi_ui2d
                0x02034270                __floatsidf
                0x02034270                __aeabi_i2d
                0x02034294                __aeabi_f2d
                0x02034294                __extendsfdf2
                0x020342d8                __floatundidf
                0x020342d8                __aeabi_ul2d
                0x020342e8                __floatdidf
                0x020342e8                __aeabi_l2d
 .text          0x02034344       0xa0 c:/programs/gcc-arm-none-eabi-10.3-2021.10/bin/../lib/gcc/arm-none-eabi/10.3.1/thumb/v7e-m/nofp\libgcc.a(_arm_truncdfsf2.o)
                0x02034344                __truncdfsf2
                0x02034344                __aeabi_d2f
 .text          0x020343e4      0x21c c:/programs/gcc-arm-none-eabi-10.3-2021.10/bin/../lib/gcc/arm-none-eabi/10.3.1/thumb/v7e-m/nofp\libgcc.a(_arm_addsubsf3.o)
                0x020343e4                __aeabi_frsub
                0x020343ec                __subsf3
                0x020343ec                __aeabi_fsub
                0x020343f0                __aeabi_fadd
                0x020343f0                __addsf3
                0x02034550                __aeabi_ui2f
                0x02034550                __floatunsisf
                0x02034558                __aeabi_i2f
                0x02034558                __floatsisf
                0x02034574                __aeabi_ul2f
                0x02034574                __floatundisf
                0x02034584                __aeabi_l2f
                0x02034584                __floatdisf
 .text          0x02034600      0x2a0 c:/programs/gcc-arm-none-eabi-10.3-2021.10/bin/../lib/gcc/arm-none-eabi/10.3.1/thumb/v7e-m/nofp\libgcc.a(_arm_muldivsf3.o)
                0x02034600                __mulsf3
                0x02034600                __aeabi_fmul
                0x02034768                __aeabi_fdiv
                0x02034768                __divsf3
 .text          0x020348a0       0xec c:/programs/gcc-arm-none-eabi-10.3-2021.10/bin/../lib/gcc/arm-none-eabi/10.3.1/thumb/v7e-m/nofp\libgcc.a(_arm_cmpsf2.o)
                0x020348a0                __gesf2
                0x020348a0                __gtsf2
                0x020348a8                __lesf2
                0x020348a8                __ltsf2
                0x020348b0                __nesf2
                0x020348b0                __eqsf2
                0x020348b0                __cmpsf2
                0x02034910                __aeabi_cfrcmple
                0x02034918                __aeabi_cfcmpeq
                0x02034918                __aeabi_cfcmple
                0x02034928                __aeabi_fcmpeq
                0x0203493c                __aeabi_fcmplt
                0x02034950                __aeabi_fcmple
                0x02034964                __aeabi_fcmpge
                0x02034978                __aeabi_fcmpgt
 .text          0x0203498c       0x4c c:/programs/gcc-arm-none-eabi-10.3-2021.10/bin/../lib/gcc/arm-none-eabi/10.3.1/thumb/v7e-m/nofp\libgcc.a(_arm_fixsfsi.o)
                0x0203498c                __aeabi_f2iz
                0x0203498c                __fixsfsi
 .text          0x020349d8       0xa0 c:/programs/gcc-arm-none-eabi-10.3-2021.10/bin/../lib/gcc/arm-none-eabi/10.3.1/thumb/v7e-m/nofp\libgcc.a(_aeabi_ldivmod.o)
                0x020349d8                __aeabi_ldivmod
 .text          0x02034a78       0x30 c:/programs/gcc-arm-none-eabi-10.3-2021.10/bin/../lib/gcc/arm-none-eabi/10.3.1/thumb/v7e-m/nofp\libgcc.a(_aeabi_uldivmod.o)
                0x02034a78                __aeabi_uldivmod
 .text          0x02034aa8      0x2d0 c:/programs/gcc-arm-none-eabi-10.3-2021.10/bin/../lib/gcc/arm-none-eabi/10.3.1/thumb/v7e-m/nofp\libgcc.a(_udivmoddi4.o)
                0x02034aa8                __udivmoddi4
 .text          0x02034d78        0x4 c:/programs/gcc-arm-none-eabi-10.3-2021.10/bin/../lib/gcc/arm-none-eabi/10.3.1/thumb/v7e-m/nofp\libgcc.a(_dvmd_tls.o)
                0x02034d78                __aeabi_idiv0
                0x02034d78                __aeabi_ldiv0
 .text.abs      0x02034d7c        0x8 c:/programs/gcc-arm-none-eabi-10.3-2021.10/bin/../lib/gcc/arm-none-eabi/10.3.1/../../../../arm-none-eabi/lib/thumb/v7e-m/nofp\libc_nano.a(lib_a-abs.o)
                0x02034d7c                abs
 .text.atof     0x02034d84        0x6 c:/programs/gcc-arm-none-eabi-10.3-2021.10/bin/../lib/gcc/arm-none-eabi/10.3.1/../../../../arm-none-eabi/lib/thumb/v7e-m/nofp\libc_nano.a(lib_a-atof.o)
                0x02034d84                atof
 *fill*         0x02034d8a        0x2 
 .text.malloc   0x02034d8c       0x10 c:/programs/gcc-arm-none-eabi-10.3-2021.10/bin/../lib/gcc/arm-none-eabi/10.3.1/../../../../arm-none-eabi/lib/thumb/v7e-m/nofp\libc_nano.a(lib_a-malloc.o)
                0x02034d8c                malloc
 .text.memcmp   0x02034d9c       0x20 c:/programs/gcc-arm-none-eabi-10.3-2021.10/bin/../lib/gcc/arm-none-eabi/10.3.1/../../../../arm-none-eabi/lib/thumb/v7e-m/nofp\libc_nano.a(lib_a-memcmp.o)
                0x02034d9c                memcmp
 .text.memcpy   0x02034dbc       0x1c c:/programs/gcc-arm-none-eabi-10.3-2021.10/bin/../lib/gcc/arm-none-eabi/10.3.1/../../../../arm-none-eabi/lib/thumb/v7e-m/nofp\libc_nano.a(lib_a-memcpy-stub.o)
                0x02034dbc                memcpy
 .text.memmove  0x02034dd8       0x34 c:/programs/gcc-arm-none-eabi-10.3-2021.10/bin/../lib/gcc/arm-none-eabi/10.3.1/../../../../arm-none-eabi/lib/thumb/v7e-m/nofp\libc_nano.a(lib_a-memmove.o)
                0x02034dd8                memmove
 .text.memset   0x02034e0c       0x10 c:/programs/gcc-arm-none-eabi-10.3-2021.10/bin/../lib/gcc/arm-none-eabi/10.3.1/../../../../arm-none-eabi/lib/thumb/v7e-m/nofp\libc_nano.a(lib_a-memset.o)
                0x02034e0c                memset
 .text._calloc_r
                0x02034e1c       0x28 c:/programs/gcc-arm-none-eabi-10.3-2021.10/bin/../lib/gcc/arm-none-eabi/10.3.1/../../../../arm-none-eabi/lib/thumb/v7e-m/nofp\libc_nano.a(lib_a-nano-callocr.o)
                0x02034e1c                _calloc_r
 .text._free_r  0x02034e44       0x94 c:/programs/gcc-arm-none-eabi-10.3-2021.10/bin/../lib/gcc/arm-none-eabi/10.3.1/../../../../arm-none-eabi/lib/thumb/v7e-m/nofp\libc_nano.a(lib_a-nano-freer.o)
                0x02034e44                _free_r
 .text.sbrk_aligned
                0x02034ed8       0x40 c:/programs/gcc-arm-none-eabi-10.3-2021.10/bin/../lib/gcc/arm-none-eabi/10.3.1/../../../../arm-none-eabi/lib/thumb/v7e-m/nofp\libc_nano.a(lib_a-nano-mallocr.o)
 .text._malloc_r
                0x02034f18       0xe8 c:/programs/gcc-arm-none-eabi-10.3-2021.10/bin/../lib/gcc/arm-none-eabi/10.3.1/../../../../arm-none-eabi/lib/thumb/v7e-m/nofp\libc_nano.a(lib_a-nano-mallocr.o)
                0x02034f18                _malloc_r
 .text._sbrk_r  0x02035000       0x20 c:/programs/gcc-arm-none-eabi-10.3-2021.10/bin/../lib/gcc/arm-none-eabi/10.3.1/../../../../arm-none-eabi/lib/thumb/v7e-m/nofp\libc_nano.a(lib_a-sbrkr.o)
                0x02035000                _sbrk_r
 .text.strcat   0x02035020       0x1e c:/programs/gcc-arm-none-eabi-10.3-2021.10/bin/../lib/gcc/arm-none-eabi/10.3.1/../../../../arm-none-eabi/lib/thumb/v7e-m/nofp\libc_nano.a(lib_a-strcat.o)
                0x02035020                strcat
 .text          0x0203503e       0x10 c:/programs/gcc-arm-none-eabi-10.3-2021.10/bin/../lib/gcc/arm-none-eabi/10.3.1/../../../../arm-none-eabi/lib/thumb/v7e-m/nofp\libc_nano.a(lib_a-strlen.o)
                0x0203503e                strlen
 .text.sulp     0x0203504e       0x42 c:/programs/gcc-arm-none-eabi-10.3-2021.10/bin/../lib/gcc/arm-none-eabi/10.3.1/../../../../arm-none-eabi/lib/thumb/v7e-m/nofp\libc_nano.a(lib_a-strtod.o)
 .text._strtod_l
                0x02035090      0xbd0 c:/programs/gcc-arm-none-eabi-10.3-2021.10/bin/../lib/gcc/arm-none-eabi/10.3.1/../../../../arm-none-eabi/lib/thumb/v7e-m/nofp\libc_nano.a(lib_a-strtod.o)
                0x02035090                _strtod_l
 .text.strtod   0x02035c60       0x18 c:/programs/gcc-arm-none-eabi-10.3-2021.10/bin/../lib/gcc/arm-none-eabi/10.3.1/../../../../arm-none-eabi/lib/thumb/v7e-m/nofp\libc_nano.a(lib_a-strtod.o)
                0x02035c60                strtod
 .text.strtok   0x02035c78       0x68 c:/programs/gcc-arm-none-eabi-10.3-2021.10/bin/../lib/gcc/arm-none-eabi/10.3.1/../../../../arm-none-eabi/lib/thumb/v7e-m/nofp\libc_nano.a(lib_a-strtok.o)
                0x02035c78                strtok
 .text.__strtok_r
                0x02035ce0       0x50 c:/programs/gcc-arm-none-eabi-10.3-2021.10/bin/../lib/gcc/arm-none-eabi/10.3.1/../../../../arm-none-eabi/lib/thumb/v7e-m/nofp\libc_nano.a(lib_a-strtok_r.o)
                0x02035ce0                __strtok_r
 .text.__assert_func
                0x02035d30       0x3c c:/programs/gcc-arm-none-eabi-10.3-2021.10/bin/../lib/gcc/arm-none-eabi/10.3.1/../../../../arm-none-eabi/lib/thumb/v7e-m/nofp\libc_nano.a(lib_a-assert.o)
                0x02035d30                __assert_func
 .text.fprintf  0x02035d6c       0x24 c:/programs/gcc-arm-none-eabi-10.3-2021.10/bin/../lib/gcc/arm-none-eabi/10.3.1/../../../../arm-none-eabi/lib/thumb/v7e-m/nofp\libc_nano.a(lib_a-fprintf.o)
                0x02035d6c                fiprintf
                0x02035d6c                fprintf
 .text.rshift   0x02035d90       0xa4 c:/programs/gcc-arm-none-eabi-10.3-2021.10/bin/../lib/gcc/arm-none-eabi/10.3.1/../../../../arm-none-eabi/lib/thumb/v7e-m/nofp\libc_nano.a(lib_a-gdtoa-gethex.o)
 .text.__hexdig_fun
                0x02035e34       0x2a c:/programs/gcc-arm-none-eabi-10.3-2021.10/bin/../lib/gcc/arm-none-eabi/10.3.1/../../../../arm-none-eabi/lib/thumb/v7e-m/nofp\libc_nano.a(lib_a-gdtoa-gethex.o)
                0x02035e34                __hexdig_fun
 *fill*         0x02035e5e        0x2 
 .text.__gethex
                0x02035e60      0x478 c:/programs/gcc-arm-none-eabi-10.3-2021.10/bin/../lib/gcc/arm-none-eabi/10.3.1/../../../../arm-none-eabi/lib/thumb/v7e-m/nofp\libc_nano.a(lib_a-gdtoa-gethex.o)
                0x02035e60                __gethex
 .text.L_shift  0x020362d8       0x24 c:/programs/gcc-arm-none-eabi-10.3-2021.10/bin/../lib/gcc/arm-none-eabi/10.3.1/../../../../arm-none-eabi/lib/thumb/v7e-m/nofp\libc_nano.a(lib_a-gdtoa-hexnan.o)
 .text.__match  0x020362fc       0x28 c:/programs/gcc-arm-none-eabi-10.3-2021.10/bin/../lib/gcc/arm-none-eabi/10.3.1/../../../../arm-none-eabi/lib/thumb/v7e-m/nofp\libc_nano.a(lib_a-gdtoa-hexnan.o)
                0x020362fc                __match
 .text.__hexnan
                0x02036324      0x138 c:/programs/gcc-arm-none-eabi-10.3-2021.10/bin/../lib/gcc/arm-none-eabi/10.3.1/../../../../arm-none-eabi/lib/thumb/v7e-m/nofp\libc_nano.a(lib_a-gdtoa-hexnan.o)
                0x02036324                __hexnan
 .text.__ascii_mbtowc
                0x0203645c       0x24 c:/programs/gcc-arm-none-eabi-10.3-2021.10/bin/../lib/gcc/arm-none-eabi/10.3.1/../../../../arm-none-eabi/lib/thumb/v7e-m/nofp\libc_nano.a(lib_a-mbtowc_r.o)
                0x0203645c                __ascii_mbtowc
 .text.__malloc_lock
                0x02036480        0xc c:/programs/gcc-arm-none-eabi-10.3-2021.10/bin/../lib/gcc/arm-none-eabi/10.3.1/../../../../arm-none-eabi/lib/thumb/v7e-m/nofp\libc_nano.a(lib_a-mlock.o)
                0x02036480                __malloc_lock
 .text.__malloc_unlock
                0x0203648c        0xc c:/programs/gcc-arm-none-eabi-10.3-2021.10/bin/../lib/gcc/arm-none-eabi/10.3.1/../../../../arm-none-eabi/lib/thumb/v7e-m/nofp\libc_nano.a(lib_a-mlock.o)
                0x0203648c                __malloc_unlock
 .text._Balloc  0x02036498       0x80 c:/programs/gcc-arm-none-eabi-10.3-2021.10/bin/../lib/gcc/arm-none-eabi/10.3.1/../../../../arm-none-eabi/lib/thumb/v7e-m/nofp\libc_nano.a(lib_a-mprec.o)
                0x02036498                _Balloc
 .text._Bfree   0x02036518       0x44 c:/programs/gcc-arm-none-eabi-10.3-2021.10/bin/../lib/gcc/arm-none-eabi/10.3.1/../../../../arm-none-eabi/lib/thumb/v7e-m/nofp\libc_nano.a(lib_a-mprec.o)
                0x02036518                _Bfree
 .text.__multadd
                0x0203655c       0x8c c:/programs/gcc-arm-none-eabi-10.3-2021.10/bin/../lib/gcc/arm-none-eabi/10.3.1/../../../../arm-none-eabi/lib/thumb/v7e-m/nofp\libc_nano.a(lib_a-mprec.o)
                0x0203655c                __multadd
 .text.__s2b    0x020365e8       0x94 c:/programs/gcc-arm-none-eabi-10.3-2021.10/bin/../lib/gcc/arm-none-eabi/10.3.1/../../../../arm-none-eabi/lib/thumb/v7e-m/nofp\libc_nano.a(lib_a-mprec.o)
                0x020365e8                __s2b
 .text.__hi0bits
                0x0203667c       0x40 c:/programs/gcc-arm-none-eabi-10.3-2021.10/bin/../lib/gcc/arm-none-eabi/10.3.1/../../../../arm-none-eabi/lib/thumb/v7e-m/nofp\libc_nano.a(lib_a-mprec.o)
                0x0203667c                __hi0bits
 .text.__lo0bits
                0x020366bc       0x5a c:/programs/gcc-arm-none-eabi-10.3-2021.10/bin/../lib/gcc/arm-none-eabi/10.3.1/../../../../arm-none-eabi/lib/thumb/v7e-m/nofp\libc_nano.a(lib_a-mprec.o)
                0x020366bc                __lo0bits
 *fill*         0x02036716        0x2 
 .text.__i2b    0x02036718       0x2c c:/programs/gcc-arm-none-eabi-10.3-2021.10/bin/../lib/gcc/arm-none-eabi/10.3.1/../../../../arm-none-eabi/lib/thumb/v7e-m/nofp\libc_nano.a(lib_a-mprec.o)
                0x02036718                __i2b
 .text.__multiply
                0x02036744      0x150 c:/programs/gcc-arm-none-eabi-10.3-2021.10/bin/../lib/gcc/arm-none-eabi/10.3.1/../../../../arm-none-eabi/lib/thumb/v7e-m/nofp\libc_nano.a(lib_a-mprec.o)
                0x02036744                __multiply
 .text.__pow5mult
                0x02036894       0xb4 c:/programs/gcc-arm-none-eabi-10.3-2021.10/bin/../lib/gcc/arm-none-eabi/10.3.1/../../../../arm-none-eabi/lib/thumb/v7e-m/nofp\libc_nano.a(lib_a-mprec.o)
                0x02036894                __pow5mult
 .text.__lshift
                0x02036948       0xe0 c:/programs/gcc-arm-none-eabi-10.3-2021.10/bin/../lib/gcc/arm-none-eabi/10.3.1/../../../../arm-none-eabi/lib/thumb/v7e-m/nofp\libc_nano.a(lib_a-mprec.o)
                0x02036948                __lshift
 .text.__mcmp   0x02036a28       0x36 c:/programs/gcc-arm-none-eabi-10.3-2021.10/bin/../lib/gcc/arm-none-eabi/10.3.1/../../../../arm-none-eabi/lib/thumb/v7e-m/nofp\libc_nano.a(lib_a-mprec.o)
                0x02036a28                __mcmp
 *fill*         0x02036a5e        0x2 
 .text.__mdiff  0x02036a60      0x110 c:/programs/gcc-arm-none-eabi-10.3-2021.10/bin/../lib/gcc/arm-none-eabi/10.3.1/../../../../arm-none-eabi/lib/thumb/v7e-m/nofp\libc_nano.a(lib_a-mprec.o)
                0x02036a60                __mdiff
 .text.__ulp    0x02036b70       0x4c c:/programs/gcc-arm-none-eabi-10.3-2021.10/bin/../lib/gcc/arm-none-eabi/10.3.1/../../../../arm-none-eabi/lib/thumb/v7e-m/nofp\libc_nano.a(lib_a-mprec.o)
                0x02036b70                __ulp
 .text.__b2d    0x02036bbc       0xa8 c:/programs/gcc-arm-none-eabi-10.3-2021.10/bin/../lib/gcc/arm-none-eabi/10.3.1/../../../../arm-none-eabi/lib/thumb/v7e-m/nofp\libc_nano.a(lib_a-mprec.o)
                0x02036bbc                __b2d
 .text.__d2b    0x02036c64       0xb8 c:/programs/gcc-arm-none-eabi-10.3-2021.10/bin/../lib/gcc/arm-none-eabi/10.3.1/../../../../arm-none-eabi/lib/thumb/v7e-m/nofp\libc_nano.a(lib_a-mprec.o)
                0x02036c64                __d2b
 .text.__ratio  0x02036d1c       0x5c c:/programs/gcc-arm-none-eabi-10.3-2021.10/bin/../lib/gcc/arm-none-eabi/10.3.1/../../../../arm-none-eabi/lib/thumb/v7e-m/nofp\libc_nano.a(lib_a-mprec.o)
                0x02036d1c                __ratio
 .text.__copybits
                0x02036d78       0x46 c:/programs/gcc-arm-none-eabi-10.3-2021.10/bin/../lib/gcc/arm-none-eabi/10.3.1/../../../../arm-none-eabi/lib/thumb/v7e-m/nofp\libc_nano.a(lib_a-mprec.o)
                0x02036d78                __copybits
 .text.__any_on
                0x02036dbe       0x42 c:/programs/gcc-arm-none-eabi-10.3-2021.10/bin/../lib/gcc/arm-none-eabi/10.3.1/../../../../arm-none-eabi/lib/thumb/v7e-m/nofp\libc_nano.a(lib_a-mprec.o)
                0x02036dbe                __any_on
 .text.__sfputc_r
                0x02036e00       0x2a c:/programs/gcc-arm-none-eabi-10.3-2021.10/bin/../lib/gcc/arm-none-eabi/10.3.1/../../../../arm-none-eabi/lib/thumb/v7e-m/nofp\libc_nano.a(lib_a-nano-vfprintf.o)
 .text.__sfputs_r
                0x02036e2a       0x24 c:/programs/gcc-arm-none-eabi-10.3-2021.10/bin/../lib/gcc/arm-none-eabi/10.3.1/../../../../arm-none-eabi/lib/thumb/v7e-m/nofp\libc_nano.a(lib_a-nano-vfprintf.o)
                0x02036e2a                __sfputs_r
 *fill*         0x02036e4e        0x2 
 .text._vfprintf_r
                0x02036e50      0x260 c:/programs/gcc-arm-none-eabi-10.3-2021.10/bin/../lib/gcc/arm-none-eabi/10.3.1/../../../../arm-none-eabi/lib/thumb/v7e-m/nofp\libc_nano.a(lib_a-nano-vfprintf.o)
                0x02036e50                _vfprintf_r
                0x02036e50                _vfiprintf_r
 .text._printf_common
                0x020370b0       0xda c:/programs/gcc-arm-none-eabi-10.3-2021.10/bin/../lib/gcc/arm-none-eabi/10.3.1/../../../../arm-none-eabi/lib/thumb/v7e-m/nofp\libc_nano.a(lib_a-nano-vfprintf_i.o)
                0x020370b0                _printf_common
 *fill*         0x0203718a        0x2 
 .text._printf_i
                0x0203718c      0x24c c:/programs/gcc-arm-none-eabi-10.3-2021.10/bin/../lib/gcc/arm-none-eabi/10.3.1/../../../../arm-none-eabi/lib/thumb/v7e-m/nofp\libc_nano.a(lib_a-nano-vfprintf_i.o)
                0x0203718c                _printf_i
 .text.nan      0x020373d8        0xc c:/programs/gcc-arm-none-eabi-10.3-2021.10/bin/../lib/gcc/arm-none-eabi/10.3.1/../../../../arm-none-eabi/lib/thumb/v7e-m/nofp\libc_nano.a(lib_a-s_nan.o)
                0x020373d8                nan
 .text.strncmp  0x020373e4       0x28 c:/programs/gcc-arm-none-eabi-10.3-2021.10/bin/../lib/gcc/arm-none-eabi/10.3.1/../../../../arm-none-eabi/lib/thumb/v7e-m/nofp\libc_nano.a(lib_a-strncmp.o)
                0x020373e4                strncmp
 .text.__swbuf_r
                0x0203740c       0xa4 c:/programs/gcc-arm-none-eabi-10.3-2021.10/bin/../lib/gcc/arm-none-eabi/10.3.1/../../../../arm-none-eabi/lib/thumb/v7e-m/nofp\libc_nano.a(lib_a-wbuf.o)
                0x0203740c                __swbuf_r
 .text.__ascii_wctomb
                0x020374b0       0x1a c:/programs/gcc-arm-none-eabi-10.3-2021.10/bin/../lib/gcc/arm-none-eabi/10.3.1/../../../../arm-none-eabi/lib/thumb/v7e-m/nofp\libc_nano.a(lib_a-wctomb_r.o)
                0x020374b0                __ascii_wctomb
 *fill*         0x020374ca        0x2 
 .text.__swsetup_r
                0x020374cc       0xdc c:/programs/gcc-arm-none-eabi-10.3-2021.10/bin/../lib/gcc/arm-none-eabi/10.3.1/../../../../arm-none-eabi/lib/thumb/v7e-m/nofp\libc_nano.a(lib_a-wsetup.o)
                0x020374cc                __swsetup_r
 .text.abort    0x020375a8        0xe c:/programs/gcc-arm-none-eabi-10.3-2021.10/bin/../lib/gcc/arm-none-eabi/10.3.1/../../../../arm-none-eabi/lib/thumb/v7e-m/nofp\libc_nano.a(lib_a-abort.o)
                0x020375a8                abort
 *fill*         0x020375b6        0x2 
 .text.__sflush_r
                0x020375b8      0x104 c:/programs/gcc-arm-none-eabi-10.3-2021.10/bin/../lib/gcc/arm-none-eabi/10.3.1/../../../../arm-none-eabi/lib/thumb/v7e-m/nofp\libc_nano.a(lib_a-fflush.o)
                0x020375b8                __sflush_r
 .text._fflush_r
                0x020376bc       0x78 c:/programs/gcc-arm-none-eabi-10.3-2021.10/bin/../lib/gcc/arm-none-eabi/10.3.1/../../../../arm-none-eabi/lib/thumb/v7e-m/nofp\libc_nano.a(lib_a-fflush.o)
                0x020376bc                _fflush_r
 .text.std      0x02037734       0x48 c:/programs/gcc-arm-none-eabi-10.3-2021.10/bin/../lib/gcc/arm-none-eabi/10.3.1/../../../../arm-none-eabi/lib/thumb/v7e-m/nofp\libc_nano.a(lib_a-findfp.o)
 .text._cleanup_r
                0x0203777c        0xc c:/programs/gcc-arm-none-eabi-10.3-2021.10/bin/../lib/gcc/arm-none-eabi/10.3.1/../../../../arm-none-eabi/lib/thumb/v7e-m/nofp\libc_nano.a(lib_a-findfp.o)
                0x0203777c                _cleanup_r
 .text.__sfmoreglue
                0x02037788       0x2c c:/programs/gcc-arm-none-eabi-10.3-2021.10/bin/../lib/gcc/arm-none-eabi/10.3.1/../../../../arm-none-eabi/lib/thumb/v7e-m/nofp\libc_nano.a(lib_a-findfp.o)
                0x02037788                __sfmoreglue
 .text.__sfp_lock_acquire
                0x020377b4        0xc c:/programs/gcc-arm-none-eabi-10.3-2021.10/bin/../lib/gcc/arm-none-eabi/10.3.1/../../../../arm-none-eabi/lib/thumb/v7e-m/nofp\libc_nano.a(lib_a-findfp.o)
                0x020377b4                __sfp_lock_acquire
 .text.__sfp_lock_release
                0x020377c0        0xc c:/programs/gcc-arm-none-eabi-10.3-2021.10/bin/../lib/gcc/arm-none-eabi/10.3.1/../../../../arm-none-eabi/lib/thumb/v7e-m/nofp\libc_nano.a(lib_a-findfp.o)
                0x020377c0                __sfp_lock_release
 .text.__sinit_lock_acquire
                0x020377cc        0xc c:/programs/gcc-arm-none-eabi-10.3-2021.10/bin/../lib/gcc/arm-none-eabi/10.3.1/../../../../arm-none-eabi/lib/thumb/v7e-m/nofp\libc_nano.a(lib_a-findfp.o)
                0x020377cc                __sinit_lock_acquire
 .text.__sinit_lock_release
                0x020377d8        0xc c:/programs/gcc-arm-none-eabi-10.3-2021.10/bin/../lib/gcc/arm-none-eabi/10.3.1/../../../../arm-none-eabi/lib/thumb/v7e-m/nofp\libc_nano.a(lib_a-findfp.o)
                0x020377d8                __sinit_lock_release
 .text.__sinit  0x020377e4       0x70 c:/programs/gcc-arm-none-eabi-10.3-2021.10/bin/../lib/gcc/arm-none-eabi/10.3.1/../../../../arm-none-eabi/lib/thumb/v7e-m/nofp\libc_nano.a(lib_a-findfp.o)
                0x020377e4                __sinit
 .text.__sfp    0x02037854       0x8c c:/programs/gcc-arm-none-eabi-10.3-2021.10/bin/../lib/gcc/arm-none-eabi/10.3.1/../../../../arm-none-eabi/lib/thumb/v7e-m/nofp\libc_nano.a(lib_a-findfp.o)
                0x02037854                __sfp
 .text._fwalk_reent
                0x020378e0       0x3e c:/programs/gcc-arm-none-eabi-10.3-2021.10/bin/../lib/gcc/arm-none-eabi/10.3.1/../../../../arm-none-eabi/lib/thumb/v7e-m/nofp\libc_nano.a(lib_a-fwalk.o)
                0x020378e0                _fwalk_reent
 .text.__retarget_lock_init_recursive
                0x0203791e        0x2 c:/programs/gcc-arm-none-eabi-10.3-2021.10/bin/../lib/gcc/arm-none-eabi/10.3.1/../../../../arm-none-eabi/lib/thumb/v7e-m/nofp\libc_nano.a(lib_a-lock.o)
                0x0203791e                __retarget_lock_init_recursive
 .text.__retarget_lock_acquire_recursive
                0x02037920        0x2 c:/programs/gcc-arm-none-eabi-10.3-2021.10/bin/../lib/gcc/arm-none-eabi/10.3.1/../../../../arm-none-eabi/lib/thumb/v7e-m/nofp\libc_nano.a(lib_a-lock.o)
                0x02037920                __retarget_lock_acquire_recursive
 .text.__retarget_lock_release_recursive
                0x02037922        0x2 c:/programs/gcc-arm-none-eabi-10.3-2021.10/bin/../lib/gcc/arm-none-eabi/10.3.1/../../../../arm-none-eabi/lib/thumb/v7e-m/nofp\libc_nano.a(lib_a-lock.o)
                0x02037922                __retarget_lock_release_recursive
 .text.__swhatbuf_r
                0x02037924       0x4a c:/programs/gcc-arm-none-eabi-10.3-2021.10/bin/../lib/gcc/arm-none-eabi/10.3.1/../../../../arm-none-eabi/lib/thumb/v7e-m/nofp\libc_nano.a(lib_a-makebuf.o)
                0x02037924                __swhatbuf_r
 *fill*         0x0203796e        0x2 
 .text.__smakebuf_r
                0x02037970       0x80 c:/programs/gcc-arm-none-eabi-10.3-2021.10/bin/../lib/gcc/arm-none-eabi/10.3.1/../../../../arm-none-eabi/lib/thumb/v7e-m/nofp\libc_nano.a(lib_a-makebuf.o)
                0x02037970                __smakebuf_r
 .text          0x020379f0       0xa0 c:/programs/gcc-arm-none-eabi-10.3-2021.10/bin/../lib/gcc/arm-none-eabi/10.3.1/../../../../arm-none-eabi/lib/thumb/v7e-m/nofp\libc_nano.a(lib_a-memchr.o)
                0x020379f0                memchr
 .text._raise_r
                0x02037a90       0x50 c:/programs/gcc-arm-none-eabi-10.3-2021.10/bin/../lib/gcc/arm-none-eabi/10.3.1/../../../../arm-none-eabi/lib/thumb/v7e-m/nofp\libc_nano.a(lib_a-signal.o)
                0x02037a90                _raise_r
 .text.raise    0x02037ae0       0x10 c:/programs/gcc-arm-none-eabi-10.3-2021.10/bin/../lib/gcc/arm-none-eabi/10.3.1/../../../../arm-none-eabi/lib/thumb/v7e-m/nofp\libc_nano.a(lib_a-signal.o)
                0x02037ae0                raise
 .text._kill_r  0x02037af0       0x24 c:/programs/gcc-arm-none-eabi-10.3-2021.10/bin/../lib/gcc/arm-none-eabi/10.3.1/../../../../arm-none-eabi/lib/thumb/v7e-m/nofp\libc_nano.a(lib_a-signalr.o)
                0x02037af0                _kill_r
 .text._getpid_r
                0x02037b14        0x4 c:/programs/gcc-arm-none-eabi-10.3-2021.10/bin/../lib/gcc/arm-none-eabi/10.3.1/../../../../arm-none-eabi/lib/thumb/v7e-m/nofp\libc_nano.a(lib_a-signalr.o)
                0x02037b14                _getpid_r
 .text.__sread  0x02037b18       0x22 c:/programs/gcc-arm-none-eabi-10.3-2021.10/bin/../lib/gcc/arm-none-eabi/10.3.1/../../../../arm-none-eabi/lib/thumb/v7e-m/nofp\libc_nano.a(lib_a-stdio.o)
                0x02037b18                __sread
 .text.__swrite
                0x02037b3a       0x38 c:/programs/gcc-arm-none-eabi-10.3-2021.10/bin/../lib/gcc/arm-none-eabi/10.3.1/../../../../arm-none-eabi/lib/thumb/v7e-m/nofp\libc_nano.a(lib_a-stdio.o)
                0x02037b3a                __swrite
 .text.__sseek  0x02037b72       0x24 c:/programs/gcc-arm-none-eabi-10.3-2021.10/bin/../lib/gcc/arm-none-eabi/10.3.1/../../../../arm-none-eabi/lib/thumb/v7e-m/nofp\libc_nano.a(lib_a-stdio.o)
                0x02037b72                __sseek
 .text.__sclose
                0x02037b96        0x8 c:/programs/gcc-arm-none-eabi-10.3-2021.10/bin/../lib/gcc/arm-none-eabi/10.3.1/../../../../arm-none-eabi/lib/thumb/v7e-m/nofp\libc_nano.a(lib_a-stdio.o)
                0x02037b96                __sclose
 *fill*         0x02037b9e        0x2 
 .text._write_r
                0x02037ba0       0x24 c:/programs/gcc-arm-none-eabi-10.3-2021.10/bin/../lib/gcc/arm-none-eabi/10.3.1/../../../../arm-none-eabi/lib/thumb/v7e-m/nofp\libc_nano.a(lib_a-writer.o)
                0x02037ba0                _write_r
 .text._close_r
                0x02037bc4       0x20 c:/programs/gcc-arm-none-eabi-10.3-2021.10/bin/../lib/gcc/arm-none-eabi/10.3.1/../../../../arm-none-eabi/lib/thumb/v7e-m/nofp\libc_nano.a(lib_a-closer.o)
                0x02037bc4                _close_r
 .text._fstat_r
                0x02037be4       0x24 c:/programs/gcc-arm-none-eabi-10.3-2021.10/bin/../lib/gcc/arm-none-eabi/10.3.1/../../../../arm-none-eabi/lib/thumb/v7e-m/nofp\libc_nano.a(lib_a-fstatr.o)
                0x02037be4                _fstat_r
 .text._isatty_r
                0x02037c08       0x20 c:/programs/gcc-arm-none-eabi-10.3-2021.10/bin/../lib/gcc/arm-none-eabi/10.3.1/../../../../arm-none-eabi/lib/thumb/v7e-m/nofp\libc_nano.a(lib_a-isattyr.o)
                0x02037c08                _isatty_r
 .text._lseek_r
                0x02037c28       0x24 c:/programs/gcc-arm-none-eabi-10.3-2021.10/bin/../lib/gcc/arm-none-eabi/10.3.1/../../../../arm-none-eabi/lib/thumb/v7e-m/nofp\libc_nano.a(lib_a-lseekr.o)
                0x02037c28                _lseek_r
 .text._read_r  0x02037c4c       0x24 c:/programs/gcc-arm-none-eabi-10.3-2021.10/bin/../lib/gcc/arm-none-eabi/10.3.1/../../../../arm-none-eabi/lib/thumb/v7e-m/nofp\libc_nano.a(lib_a-readr.o)
                0x02037c4c                _read_r
 .text          0x02037c70      0x424 c:/programs/gcc-arm-none-eabi-10.3-2021.10/bin/../lib/gcc/arm-none-eabi/10.3.1/thumb/v7e-m/nofp\libgcc.a(_arm_muldivdf3.o)
                0x02037c70                __aeabi_dmul
                0x02037c70                __muldf3
                0x02037ec4                __divdf3
                0x02037ec4                __aeabi_ddiv
 .text          0x02038094      0x110 c:/programs/gcc-arm-none-eabi-10.3-2021.10/bin/../lib/gcc/arm-none-eabi/10.3.1/thumb/v7e-m/nofp\libgcc.a(_arm_cmpdf2.o)
                0x02038094                __gtdf2
                0x02038094                __gedf2
                0x0203809c                __ltdf2
                0x0203809c                __ledf2
                0x020380a4                __nedf2
                0x020380a4                __eqdf2
                0x020380a4                __cmpdf2
                0x02038120                __aeabi_cdrcmple
                0x02038130                __aeabi_cdcmpeq
                0x02038130                __aeabi_cdcmple
                0x02038140                __aeabi_dcmpeq
                0x02038154                __aeabi_dcmplt
                0x02038168                __aeabi_dcmple
                0x0203817c                __aeabi_dcmpge
                0x02038190                __aeabi_dcmpgt
 .text          0x020381a4       0x40 c:/programs/gcc-arm-none-eabi-10.3-2021.10/bin/../lib/gcc/arm-none-eabi/10.3.1/thumb/v7e-m/nofp\libgcc.a(_arm_fixunsdfsi.o)
                0x020381a4                __aeabi_d2uiz
                0x020381a4                __fixunsdfsi
 .text          0x020381e4       0x34 c:/programs/gcc-arm-none-eabi-10.3-2021.10/bin/../lib/gcc/arm-none-eabi/10.3.1/thumb/v7e-m/nofp\libgcc.a(_fixdfdi.o)
                0x020381e4                __fixdfdi
                0x020381e4                __aeabi_d2lz
 .text          0x02038218       0x3c c:/programs/gcc-arm-none-eabi-10.3-2021.10/bin/../lib/gcc/arm-none-eabi/10.3.1/thumb/v7e-m/nofp\libgcc.a(_fixunsdfdi.o)
                0x02038218                __fixunsdfdi
                0x02038218                __aeabi_d2ulz
 .text._close   0x02038254       0x10 c:/programs/gcc-arm-none-eabi-10.3-2021.10/bin/../lib/gcc/arm-none-eabi/10.3.1/../../../../arm-none-eabi/lib/thumb/v7e-m/nofp\libnosys.a(close.o)
                0x02038254                _close
 .text._fstat   0x02038264       0x10 c:/programs/gcc-arm-none-eabi-10.3-2021.10/bin/../lib/gcc/arm-none-eabi/10.3.1/../../../../arm-none-eabi/lib/thumb/v7e-m/nofp\libnosys.a(fstat.o)
                0x02038264                _fstat
 .text._getpid  0x02038274       0x10 c:/programs/gcc-arm-none-eabi-10.3-2021.10/bin/../lib/gcc/arm-none-eabi/10.3.1/../../../../arm-none-eabi/lib/thumb/v7e-m/nofp\libnosys.a(getpid.o)
                0x02038274                _getpid
 .text._isatty  0x02038284       0x10 c:/programs/gcc-arm-none-eabi-10.3-2021.10/bin/../lib/gcc/arm-none-eabi/10.3.1/../../../../arm-none-eabi/lib/thumb/v7e-m/nofp\libnosys.a(isatty.o)
                0x02038284                _isatty
 .text._kill    0x02038294       0x10 c:/programs/gcc-arm-none-eabi-10.3-2021.10/bin/../lib/gcc/arm-none-eabi/10.3.1/../../../../arm-none-eabi/lib/thumb/v7e-m/nofp\libnosys.a(kill.o)
                0x02038294                _kill
 .text._lseek   0x020382a4       0x10 c:/programs/gcc-arm-none-eabi-10.3-2021.10/bin/../lib/gcc/arm-none-eabi/10.3.1/../../../../arm-none-eabi/lib/thumb/v7e-m/nofp\libnosys.a(lseek.o)
                0x020382a4                _lseek
 .text._read    0x020382b4       0x10 c:/programs/gcc-arm-none-eabi-10.3-2021.10/bin/../lib/gcc/arm-none-eabi/10.3.1/../../../../arm-none-eabi/lib/thumb/v7e-m/nofp\libnosys.a(read.o)
                0x020382b4                _read
 .text._sbrk    0x020382c4       0x1c c:/programs/gcc-arm-none-eabi-10.3-2021.10/bin/../lib/gcc/arm-none-eabi/10.3.1/../../../../arm-none-eabi/lib/thumb/v7e-m/nofp\libnosys.a(sbrk.o)
                0x020382c4                _sbrk
 .text._write   0x020382e0       0x10 c:/programs/gcc-arm-none-eabi-10.3-2021.10/bin/../lib/gcc/arm-none-eabi/10.3.1/../../../../arm-none-eabi/lib/thumb/v7e-m/nofp\libnosys.a(write.o)
                0x020382e0                _write
 .text._exit    0x020382f0        0x4 c:/programs/gcc-arm-none-eabi-10.3-2021.10/bin/../lib/gcc/arm-none-eabi/10.3.1/../../../../arm-none-eabi/lib/thumb/v7e-m/nofp\libnosys.a(_exit.o)
                0x020382f0                _exit
 *(.init)
 .init          0x020382f4        0x4 c:/programs/gcc-arm-none-eabi-10.3-2021.10/bin/../lib/gcc/arm-none-eabi/10.3.1/thumb/v7e-m/nofp/crti.o
                0x020382f4                _init
 *(.fini)
 .fini          0x020382f8        0x4 c:/programs/gcc-arm-none-eabi-10.3-2021.10/bin/../lib/gcc/arm-none-eabi/10.3.1/thumb/v7e-m/nofp/crti.o
                0x020382f8                _fini
 *crtbegin.o(.ctors)
 *crtbegin?.o(.ctors)
 *(EXCLUDE_FILE(*crtend.o *crtend?.o) .ctors)
 *(SORT_BY_NAME(.ctors.*))
 *(.ctors)
 *crtbegin.o(.dtors)
 *crtbegin?.o(.dtors)
 *(EXCLUDE_FILE(*crtend.o *crtend?.o) .dtors)
 *(SORT_BY_NAME(.dtors.*))
 *(.dtors)
 *(.rodata*)
 .rodata.cb_hard_fault.str1.1
                0x020382fc       0x6c obj/main.o
 .rodata.cb_assertion.str1.1
                0x02038368       0x15 obj/main.o
 .rodata.test_tts.str1.1
                0x0203837d       0xd9 obj/profile.o
 .rodata.setup_profile.str1.1
                0x02038456        0xd obj/profile.o
 *fill*         0x02038463        0x1 
 .rodata.CSWTCH.51
                0x02038464       0x40 obj/peripheral_sysctrl.o
 .rodata.spell_single_number.str1.4
                0x020384a4       0x28 ../../../GCC/ing916_libaudio.lib(tts.o)
 .rodata.spell_number_wan.str1.4
                0x020384cc        0xc ../../../GCC/ing916_libaudio.lib(tts.o)
 .rodata.spell_number.str1.4
                0x020384d8       0x13 ../../../GCC/ing916_libaudio.lib(tts.o)
 *fill*         0x020384eb        0x1 
 .rodata.tts_do_append_phrase.isra.0.str1.4
                0x020384ec        0x8 ../../../GCC/ing916_libaudio.lib(tts.o)
 .rodata.tts_spell_number.str1.4
                0x020384f4        0x4 ../../../GCC/ing916_libaudio.lib(tts.o)
 .rodata.tts_parse_utf8_str.constprop.0.str1.4
                0x020384f8       0x2a ../../../GCC/ing916_libaudio.lib(tts.o)
 *fill*         0x02038522        0x2 
 .rodata.adjust_phrases_AABB
                0x02038524       0xd8 ../../../GCC/ing916_libaudio.lib(tts.o)
 .rodata.adjust_phrases_ABB
                0x020385fc       0xa0 ../../../GCC/ing916_libaudio.lib(tts.o)
 .rodata.tone_search
                0x0203869c       0x19 ../../../GCC/ing916_libaudio.lib(tts.o)
 *fill*         0x020386b5        0x3 
 .rodata        0x020386b8       0x28 ../../../GCC/ing916_libaudio.lib(homing_amr_wb_dec.o)
 .rodata.AMR_WB_COMPRESSED
                0x020386e0       0x14 ../../../GCC/ing916_libaudio.lib(homing_amr_wb_dec.o)
 .rodata.dfh_M12k
                0x020386f4       0x22 ../../../GCC/ing916_libaudio.lib(homing_amr_wb_dec.o)
                0x020386f4                dfh_M12k
 *fill*         0x02038716        0x2 
 .rodata.dfh_M14k
                0x02038718       0x28 ../../../GCC/ing916_libaudio.lib(homing_amr_wb_dec.o)
                0x02038718                dfh_M14k
 .rodata.dfh_M16k
                0x02038740       0x2c ../../../GCC/ing916_libaudio.lib(homing_amr_wb_dec.o)
                0x02038740                dfh_M16k
 .rodata.dfh_M18k
                0x0203876c       0x32 ../../../GCC/ing916_libaudio.lib(homing_amr_wb_dec.o)
                0x0203876c                dfh_M18k
 *fill*         0x0203879e        0x2 
 .rodata.dfh_M20k
                0x020387a0       0x36 ../../../GCC/ing916_libaudio.lib(homing_amr_wb_dec.o)
                0x020387a0                dfh_M20k
 *fill*         0x020387d6        0x2 
 .rodata.dfh_M23k
                0x020387d8       0x3e ../../../GCC/ing916_libaudio.lib(homing_amr_wb_dec.o)
                0x020387d8                dfh_M23k
 *fill*         0x02038816        0x2 
 .rodata.dfh_M24k
                0x02038818       0x40 ../../../GCC/ing916_libaudio.lib(homing_amr_wb_dec.o)
                0x02038818                dfh_M24k
 .rodata.dfh_M7k
                0x02038858       0x12 ../../../GCC/ing916_libaudio.lib(homing_amr_wb_dec.o)
                0x02038858                dfh_M7k
 *fill*         0x0203886a        0x2 
 .rodata.dfh_M9k
                0x0203886c       0x18 ../../../GCC/ing916_libaudio.lib(homing_amr_wb_dec.o)
                0x0203886c                dfh_M9k
 .rodata.prmnofsf
                0x02038884       0x12 ../../../GCC/ing916_libaudio.lib(homing_amr_wb_dec.o)
 *fill*         0x02038896        0x2 
 .rodata        0x02038898       0x40 ../../../GCC/ing916_libaudio.lib(mime_io.o)
 .rodata.packed_size
                0x020388d8       0x20 ../../../GCC/ing916_libaudio.lib(mime_io.o)
                0x020388d8                packed_size
 .rodata.sort_1265
                0x020388f8      0x1fa ../../../GCC/ing916_libaudio.lib(mime_io.o)
                0x020388f8                sort_1265
 *fill*         0x02038af2        0x2 
 .rodata.sort_1425
                0x02038af4      0x23a ../../../GCC/ing916_libaudio.lib(mime_io.o)
                0x02038af4                sort_1425
 *fill*         0x02038d2e        0x2 
 .rodata.sort_1585
                0x02038d30      0x27a ../../../GCC/ing916_libaudio.lib(mime_io.o)
                0x02038d30                sort_1585
 *fill*         0x02038faa        0x2 
 .rodata.sort_1825
                0x02038fac      0x2da ../../../GCC/ing916_libaudio.lib(mime_io.o)
                0x02038fac                sort_1825
 *fill*         0x02039286        0x2 
 .rodata.sort_1985
                0x02039288      0x31a ../../../GCC/ing916_libaudio.lib(mime_io.o)
                0x02039288                sort_1985
 *fill*         0x020395a2        0x2 
 .rodata.sort_2305
                0x020395a4      0x39a ../../../GCC/ing916_libaudio.lib(mime_io.o)
                0x020395a4                sort_2305
 *fill*         0x0203993e        0x2 
 .rodata.sort_2385
                0x02039940      0x3ba ../../../GCC/ing916_libaudio.lib(mime_io.o)
                0x02039940                sort_2385
 *fill*         0x02039cfa        0x2 
 .rodata.sort_660
                0x02039cfc      0x108 ../../../GCC/ing916_libaudio.lib(mime_io.o)
                0x02039cfc                sort_660
 .rodata.sort_885
                0x02039e04      0x162 ../../../GCC/ing916_libaudio.lib(mime_io.o)
                0x02039e04                sort_885
 *fill*         0x02039f66        0x2 
 .rodata.sort_SID
                0x02039f68       0x46 ../../../GCC/ing916_libaudio.lib(mime_io.o)
                0x02039f68                sort_SID
 *fill*         0x02039fae        0x2 
 .rodata.unpacked_size
                0x02039fb0       0x20 ../../../GCC/ing916_libaudio.lib(mime_io.o)
                0x02039fb0                unpacked_size
 .rodata.Log2_norm_table
                0x02039fd0       0x42 ../../../GCC/ing916_libaudio.lib(pvamrwb_math_op.o)
                0x02039fd0                Log2_norm_table
 *fill*         0x0203a012        0x2 
 .rodata.table_isqrt
                0x0203a014       0x62 ../../../GCC/ing916_libaudio.lib(pvamrwb_math_op.o)
 *fill*         0x0203a076        0x2 
 .rodata.table_pow2
                0x0203a078       0x42 ../../../GCC/ing916_libaudio.lib(pvamrwb_math_op.o)
                0x0203a078                table_pow2
 *fill*         0x0203a0ba        0x2 
 .rodata.AMR_WB_COMPRESSED
                0x0203a0bc       0x14 ../../../GCC/ing916_libaudio.lib(pvamrwbdecoder.o)
 .rodata.interpol_frac
                0x0203a0d0        0x8 ../../../GCC/ing916_libaudio.lib(pvamrwbdecoder.o)
 .rodata.isf_init
                0x0203a0d8       0x20 ../../../GCC/ing916_libaudio.lib(pvamrwbdecoder.o)
 .rodata.isp_init
                0x0203a0f8       0x20 ../../../GCC/ing916_libaudio.lib(pvamrwbdecoder.o)
 .rodata.dico1_isf_noise
                0x0203a118      0x100 ../../../GCC/ing916_libaudio.lib(qisf_ns_tab.o)
                0x0203a118                dico1_isf_noise
 .rodata.dico2_isf_noise
                0x0203a218      0x180 ../../../GCC/ing916_libaudio.lib(qisf_ns_tab.o)
                0x0203a218                dico2_isf_noise
 .rodata.dico3_isf_noise
                0x0203a398      0x180 ../../../GCC/ing916_libaudio.lib(qisf_ns_tab.o)
                0x0203a398                dico3_isf_noise
 .rodata.dico4_isf_noise
                0x0203a518      0x100 ../../../GCC/ing916_libaudio.lib(qisf_ns_tab.o)
                0x0203a518                dico4_isf_noise
 .rodata.dico5_isf_noise
                0x0203a618      0x100 ../../../GCC/ing916_libaudio.lib(qisf_ns_tab.o)
                0x0203a618                dico5_isf_noise
 .rodata.mean_isf_noise
                0x0203a718       0x20 ../../../GCC/ing916_libaudio.lib(qisf_ns_tab.o)
                0x0203a718                mean_isf_noise
 .rodata.dico1_isf
                0x0203a738     0x1200 ../../../GCC/ing916_libaudio.lib(qpisf_2s_tab.o)
                0x0203a738                dico1_isf
 .rodata.dico21_isf
                0x0203b938      0x180 ../../../GCC/ing916_libaudio.lib(qpisf_2s_tab.o)
                0x0203b938                dico21_isf
 .rodata.dico21_isf_36b
                0x0203bab8      0x500 ../../../GCC/ing916_libaudio.lib(qpisf_2s_tab.o)
                0x0203bab8                dico21_isf_36b
 .rodata.dico22_isf
                0x0203bfb8      0x300 ../../../GCC/ing916_libaudio.lib(qpisf_2s_tab.o)
                0x0203bfb8                dico22_isf
 .rodata.dico22_isf_36b
                0x0203c2b8      0x400 ../../../GCC/ing916_libaudio.lib(qpisf_2s_tab.o)
                0x0203c2b8                dico22_isf_36b
 .rodata.dico23_isf
                0x0203c6b8      0x300 ../../../GCC/ing916_libaudio.lib(qpisf_2s_tab.o)
                0x0203c6b8                dico23_isf
 .rodata.dico23_isf_36b
                0x0203c9b8      0x380 ../../../GCC/ing916_libaudio.lib(qpisf_2s_tab.o)
                0x0203c9b8                dico23_isf_36b
 .rodata.dico24_isf
                0x0203cd38       0xc0 ../../../GCC/ing916_libaudio.lib(qpisf_2s_tab.o)
                0x0203cd38                dico24_isf
 .rodata.dico25_isf
                0x0203cdf8      0x100 ../../../GCC/ing916_libaudio.lib(qpisf_2s_tab.o)
                0x0203cdf8                dico25_isf
 .rodata.dico2_isf
                0x0203cef8      0xe00 ../../../GCC/ing916_libaudio.lib(qpisf_2s_tab.o)
                0x0203cef8                dico2_isf
 .rodata.mean_isf
                0x0203dcf8       0x20 ../../../GCC/ing916_libaudio.lib(qpisf_2s_tab.o)
                0x0203dcf8                mean_isf
 .rodata.HP_gain
                0x0203dd18       0x20 ../../../GCC/ing916_libaudio.lib(synthesis_amr_wb.o)
                0x0203dd18                HP_gain
 .rodata.fir_6k_7k
                0x0203dd38       0x3c ../../../GCC/ing916_libaudio.lib(band_pass_6k_7k.o)
                0x0203dd38                fir_6k_7k
 .rodata.cdown_unusable
                0x0203dd74        0xe ../../../GCC/ing916_libaudio.lib(dec_gain2_amr_wb.o)
                0x0203dd74                cdown_unusable